[INFO] Scanning for projects...
[INFO] 
[INFO] -----------------------< com.syncstream:backend >-----------------------
[INFO] Building syncstream-backend 1.0.0
[INFO]   from pom.xml
[INFO] --------------------------------[ jar ]---------------------------------
[INFO] 
[INFO] --- resources:3.3.1:resources (default-resources) @ backend ---
[INFO] Copying 1 resource from src\main\resources to target\classes
[INFO] Copying 0 resource from src\main\resources to target\classes
[INFO] 
[INFO] --- compiler:3.13.0:compile (default-compile) @ backend ---
[INFO] Nothing to compile - all classes are up to date.
[INFO] 
[INFO] --- resources:3.3.1:testResources (default-testResources) @ backend ---
[INFO] skip non existing resourceDirectory D:\ASHISH GITHUB\SyncStream\backend\src\test\resources
[INFO] 
[INFO] --- compiler:3.13.0:testCompile (default-testCompile) @ backend ---
[INFO] Nothing to compile - all classes are up to date.
[INFO] 
[INFO] --- surefire:3.2.5:test (default-test) @ backend ---
[INFO] Using auto detected provider org.apache.maven.surefire.junitplatform.JUnitPlatformProvider
[INFO] 
[INFO] -------------------------------------------------------
[INFO]  T E S T S
[INFO] -------------------------------------------------------
[INFO] Running com.syncstream.controller.AuthControllerTest
04:24:54.114 [main] INFO org.springframework.test.context.support.AnnotationConfigContextLoaderUtils -- Could not detect default configuration classes for test class [com.syncstream.controller.AuthControllerTest]: AuthControllerTest does not declare any static, non-private, non-final, nested classes annotated with @Configuration.
04:24:54.431 [main] INFO org.springframework.boot.test.context.SpringBootTestContextBootstrapper -- Found @SpringBootConfiguration com.syncstream.SyncStreamApplication for test class com.syncstream.controller.AuthControllerTest
[ERROR] Tests run: 6, Failures: 0, Errors: 6, Skipped: 0, Time elapsed: 0.858 s <<< FAILURE! -- in com.syncstream.controller.AuthControllerTest
[ERROR] com.syncstream.controller.AuthControllerTest.testGetCurrentUser_Authenticated -- Time elapsed: 0.022 s <<< ERROR!
java.lang.Error: 
Unresolved compilation problems: 
	The type java.lang.Object cannot be resolved. It is indirectly referenced from required .class files
	The import java.time.Instant cannot be resolved
	Implicit super constructor Object() is undefined for default constructor. Must define an explicit constructor
	Exception cannot be resolved to a type
	The method setUsername(String) from the type RegisterRequest refers to the missing type String
	The method setPassword(String) from the type RegisterRequest refers to the missing type String
	The method when(T) from the type Mockito refers to the missing type Object
	The method existsByUsername(String) from the type UserRepository refers to the missing type String
	The method encode(CharSequence) from the type PasswordEncoder refers to the missing type String
	The method mock(Class<T>) from the type Mockito refers to the missing type Object
	The method any(Class<T>) from the type ArgumentMatchers refers to the missing type Object
	The method generateToken(Authentication) from the type JwtTokenProvider refers to the missing type String
	The method post(URI) from the type MockMvcRequestBuilders refers to the missing type URI
	The method writeValueAsString(Object) from the type ObjectMapper refers to the missing type String
	The method jsonPath(String, Object...) from the type MockMvcResultMatchers refers to the missing type String
	The method value(Object) from the type JsonPathResultMatchers refers to the missing type Object
	The method jsonPath(String, Object...) from the type MockMvcResultMatchers refers to the missing type String
	The method value(Object) from the type JsonPathResultMatchers refers to the missing type Object
	The method any(Class<T>) from the type ArgumentMatchers refers to the missing type Object
	Exception cannot be resolved to a type
	The method setUsername(String) from the type RegisterRequest refers to the missing type String
	The method setPassword(String) from the type RegisterRequest refers to the missing type String
	The method when(T) from the type Mockito refers to the missing type Object
	The method existsByUsername(String) from the type UserRepository refers to the missing type String
	The method post(URI) from the type MockMvcRequestBuilders refers to the missing type URI
	The method writeValueAsString(Object) from the type ObjectMapper refers to the missing type String
	The method jsonPath(String, Object...) from the type MockMvcResultMatchers refers to the missing type String
	The method value(Object) from the type JsonPathResultMatchers refers to the missing type Object
	The method any(Class<T>) from the type ArgumentMatchers refers to the missing type Object
	Exception cannot be resolved to a type
	The method setUsername(String) from the type RegisterRequest refers to the missing type String
	The method setPassword(String) from the type RegisterRequest refers to the missing type String
	The method post(URI) from the type MockMvcRequestBuilders refers to the missing type URI
	The method writeValueAsString(Object) from the type ObjectMapper refers to the missing type String
	Exception cannot be resolved to a type
	The method setUsername(String) from the type LoginRequest refers to the missing type String
	The method setPassword(String) from the type LoginRequest refers to the missing type String
	The method id(String) from the type User.UserBuilder refers to the missing type String
	The method username(String) from the type User.UserBuilder refers to the missing type String
	The method mock(Class<T>) from the type Mockito refers to the missing type Object
	The method getPrincipal() from the type Authentication refers to the missing type Object
	The method any(Class<T>) from the type ArgumentMatchers refers to the missing type Object
	The method generateToken(Authentication) from the type JwtTokenProvider refers to the missing type String
	The method post(URI) from the type MockMvcRequestBuilders refers to the missing type URI
	The method writeValueAsString(Object) from the type ObjectMapper refers to the missing type String
	The method jsonPath(String, Object...) from the type MockMvcResultMatchers refers to the missing type String
	The method value(Object) from the type JsonPathResultMatchers refers to the missing type Object
	The method jsonPath(String, Object...) from the type MockMvcResultMatchers refers to the missing type String
	The method value(Object) from the type JsonPathResultMatchers refers to the missing type Object
	The method jsonPath(String, Object...) from the type MockMvcResultMatchers refers to the missing type String
	The method value(Object) from the type JsonPathResultMatchers refers to the missing type Object
	Exception cannot be resolved to a type
	The method id(String) from the type User.UserBuilder refers to the missing type String
	The method username(String) from the type User.UserBuilder refers to the missing type String
	Instant cannot be resolved
	The method get(URI) from the type MockMvcRequestBuilders refers to the missing type URI
	The method user(String) from the type SecurityMockMvcRequestPostProcessors refers to the missing type String
	The method jsonPath(String, Object...) from the type MockMvcResultMatchers refers to the missing type String
	The method value(Object) from the type JsonPathResultMatchers refers to the missing type Object
	The method jsonPath(String, Object...) from the type MockMvcResultMatchers refers to the missing type String
	The method value(Object) from the type JsonPathResultMatchers refers to the missing type Object
	The method jsonPath(String, Object...) from the type MockMvcResultMatchers refers to the missing type String
	The method value(Object) from the type JsonPathResultMatchers refers to the missing type Object
	Exception cannot be resolved to a type
	The method get(URI) from the type MockMvcRequestBuilders refers to the missing type URI

	at com.syncstream.controller.AuthControllerTest.<init>(AuthControllerTest.java:1)
	at java.base/java.lang.reflect.Constructor.newInstanceWithCaller(Constructor.java:502)
	at java.base/java.lang.reflect.Constructor.newInstance(Constructor.java:486)
	at java.base/java.util.Optional.orElseGet(Optional.java:364)
	at java.base/java.util.ArrayList.forEach(ArrayList.java:1596)
	at java.base/java.util.ArrayList.forEach(ArrayList.java:1596)

[ERROR] com.syncstream.controller.AuthControllerTest.testRegisterUser_Success -- Time elapsed: 0.003 s <<< ERROR!
java.lang.Error: 
Unresolved compilation problems: 
	The type java.lang.Object cannot be resolved. It is indirectly referenced from required .class files
	The import java.time.Instant cannot be resolved
	Implicit super constructor Object() is undefined for default constructor. Must define an explicit constructor
	Exception cannot be resolved to a type
	The method setUsername(String) from the type RegisterRequest refers to the missing type String
	The method setPassword(String) from the type RegisterRequest refers to the missing type String
	The method when(T) from the type Mockito refers to the missing type Object
	The method existsByUsername(String) from the type UserRepository refers to the missing type String
	The method encode(CharSequence) from the type PasswordEncoder refers to the missing type String
	The method mock(Class<T>) from the type Mockito refers to the missing type Object
	The method any(Class<T>) from the type ArgumentMatchers refers to the missing type Object
	The method generateToken(Authentication) from the type JwtTokenProvider refers to the missing type String
	The method post(URI) from the type MockMvcRequestBuilders refers to the missing type URI
	The method writeValueAsString(Object) from the type ObjectMapper refers to the missing type String
	The method jsonPath(String, Object...) from the type MockMvcResultMatchers refers to the missing type String
	The method value(Object) from the type JsonPathResultMatchers refers to the missing type Object
	The method jsonPath(String, Object...) from the type MockMvcResultMatchers refers to the missing type String
	The method value(Object) from the type JsonPathResultMatchers refers to the missing type Object
	The method any(Class<T>) from the type ArgumentMatchers refers to the missing type Object
	Exception cannot be resolved to a type
	The method setUsername(String) from the type RegisterRequest refers to the missing type String
	The method setPassword(String) from the type RegisterRequest refers to the missing type String
	The method when(T) from the type Mockito refers to the missing type Object
	The method existsByUsername(String) from the type UserRepository refers to the missing type String
	The method post(URI) from the type MockMvcRequestBuilders refers to the missing type URI
	The method writeValueAsString(Object) from the type ObjectMapper refers to the missing type String
	The method jsonPath(String, Object...) from the type MockMvcResultMatchers refers to the missing type String
	The method value(Object) from the type JsonPathResultMatchers refers to the missing type Object
	The method any(Class<T>) from the type ArgumentMatchers refers to the missing type Object
	Exception cannot be resolved to a type
	The method setUsername(String) from the type RegisterRequest refers to the missing type String
	The method setPassword(String) from the type RegisterRequest refers to the missing type String
	The method post(URI) from the type MockMvcRequestBuilders refers to the missing type URI
	The method writeValueAsString(Object) from the type ObjectMapper refers to the missing type String
	Exception cannot be resolved to a type
	The method setUsername(String) from the type LoginRequest refers to the missing type String
	The method setPassword(String) from the type LoginRequest refers to the missing type String
	The method id(String) from the type User.UserBuilder refers to the missing type String
	The method username(String) from the type User.UserBuilder refers to the missing type String
	The method mock(Class<T>) from the type Mockito refers to the missing type Object
	The method getPrincipal() from the type Authentication refers to the missing type Object
	The method any(Class<T>) from the type ArgumentMatchers refers to the missing type Object
	The method generateToken(Authentication) from the type JwtTokenProvider refers to the missing type String
	The method post(URI) from the type MockMvcRequestBuilders refers to the missing type URI
	The method writeValueAsString(Object) from the type ObjectMapper refers to the missing type String
	The method jsonPath(String, Object...) from the type MockMvcResultMatchers refers to the missing type String
	The method value(Object) from the type JsonPathResultMatchers refers to the missing type Object
	The method jsonPath(String, Object...) from the type MockMvcResultMatchers refers to the missing type String
	The method value(Object) from the type JsonPathResultMatchers refers to the missing type Object
	The method jsonPath(String, Object...) from the type MockMvcResultMatchers refers to the missing type String
	The method value(Object) from the type JsonPathResultMatchers refers to the missing type Object
	Exception cannot be resolved to a type
	The method id(String) from the type User.UserBuilder refers to the missing type String
	The method username(String) from the type User.UserBuilder refers to the missing type String
	Instant cannot be resolved
	The method get(URI) from the type MockMvcRequestBuilders refers to the missing type URI
	The method user(String) from the type SecurityMockMvcRequestPostProcessors refers to the missing type String
	The method jsonPath(String, Object...) from the type MockMvcResultMatchers refers to the missing type String
	The method value(Object) from the type JsonPathResultMatchers refers to the missing type Object
	The method jsonPath(String, Object...) from the type MockMvcResultMatchers refers to the missing type String
	The method value(Object) from the type JsonPathResultMatchers refers to the missing type Object
	The method jsonPath(String, Object...) from the type MockMvcResultMatchers refers to the missing type String
	The method value(Object) from the type JsonPathResultMatchers refers to the missing type Object
	Exception cannot be resolved to a type
	The method get(URI) from the type MockMvcRequestBuilders refers to the missing type URI

	at com.syncstream.controller.AuthControllerTest.<init>(AuthControllerTest.java:1)
	at java.base/java.lang.reflect.Constructor.newInstanceWithCaller(Constructor.java:502)
	at java.base/java.lang.reflect.Constructor.newInstance(Constructor.java:486)
	at java.base/java.util.Optional.orElseGet(Optional.java:364)
	at java.base/java.util.ArrayList.forEach(ArrayList.java:1596)
	at java.base/java.util.ArrayList.forEach(ArrayList.java:1596)

[ERROR] com.syncstream.controller.AuthControllerTest.testRegisterUser_DuplicateUsername -- Time elapsed: 0.004 s <<< ERROR!
java.lang.Error: 
Unresolved compilation problems: 
	The type java.lang.Object cannot be resolved. It is indirectly referenced from required .class files
	The import java.time.Instant cannot be resolved
	Implicit super constructor Object() is undefined for default constructor. Must define an explicit constructor
	Exception cannot be resolved to a type
	The method setUsername(String) from the type RegisterRequest refers to the missing type String
	The method setPassword(String) from the type RegisterRequest refers to the missing type String
	The method when(T) from the type Mockito refers to the missing type Object
	The method existsByUsername(String) from the type UserRepository refers to the missing type String
	The method encode(CharSequence) from the type PasswordEncoder refers to the missing type String
	The method mock(Class<T>) from the type Mockito refers to the missing type Object
	The method any(Class<T>) from the type ArgumentMatchers refers to the missing type Object
	The method generateToken(Authentication) from the type JwtTokenProvider refers to the missing type String
	The method post(URI) from the type MockMvcRequestBuilders refers to the missing type URI
	The method writeValueAsString(Object) from the type ObjectMapper refers to the missing type String
	The method jsonPath(String, Object...) from the type MockMvcResultMatchers refers to the missing type String
	The method value(Object) from the type JsonPathResultMatchers refers to the missing type Object
	The method jsonPath(String, Object...) from the type MockMvcResultMatchers refers to the missing type String
	The method value(Object) from the type JsonPathResultMatchers refers to the missing type Object
	The method any(Class<T>) from the type ArgumentMatchers refers to the missing type Object
	Exception cannot be resolved to a type
	The method setUsername(String) from the type RegisterRequest refers to the missing type String
	The method setPassword(String) from the type RegisterRequest refers to the missing type String
	The method when(T) from the type Mockito refers to the missing type Object
	The method existsByUsername(String) from the type UserRepository refers to the missing type String
	The method post(URI) from the type MockMvcRequestBuilders refers to the missing type URI
	The method writeValueAsString(Object) from the type ObjectMapper refers to the missing type String
	The method jsonPath(String, Object...) from the type MockMvcResultMatchers refers to the missing type String
	The method value(Object) from the type JsonPathResultMatchers refers to the missing type Object
	The method any(Class<T>) from the type ArgumentMatchers refers to the missing type Object
	Exception cannot be resolved to a type
	The method setUsername(String) from the type RegisterRequest refers to the missing type String
	The method setPassword(String) from the type RegisterRequest refers to the missing type String
	The method post(URI) from the type MockMvcRequestBuilders refers to the missing type URI
	The method writeValueAsString(Object) from the type ObjectMapper refers to the missing type String
	Exception cannot be resolved to a type
	The method setUsername(String) from the type LoginRequest refers to the missing type String
	The method setPassword(String) from the type LoginRequest refers to the missing type String
	The method id(String) from the type User.UserBuilder refers to the missing type String
	The method username(String) from the type User.UserBuilder refers to the missing type String
	The method mock(Class<T>) from the type Mockito refers to the missing type Object
	The method getPrincipal() from the type Authentication refers to the missing type Object
	The method any(Class<T>) from the type ArgumentMatchers refers to the missing type Object
	The method generateToken(Authentication) from the type JwtTokenProvider refers to the missing type String
	The method post(URI) from the type MockMvcRequestBuilders refers to the missing type URI
	The method writeValueAsString(Object) from the type ObjectMapper refers to the missing type String
	The method jsonPath(String, Object...) from the type MockMvcResultMatchers refers to the missing type String
	The method value(Object) from the type JsonPathResultMatchers refers to the missing type Object
	The method jsonPath(String, Object...) from the type MockMvcResultMatchers refers to the missing type String
	The method value(Object) from the type JsonPathResultMatchers refers to the missing type Object
	The method jsonPath(String, Object...) from the type MockMvcResultMatchers refers to the missing type String
	The method value(Object) from the type JsonPathResultMatchers refers to the missing type Object
	Exception cannot be resolved to a type
	The method id(String) from the type User.UserBuilder refers to the missing type String
	The method username(String) from the type User.UserBuilder refers to the missing type String
	Instant cannot be resolved
	The method get(URI) from the type MockMvcRequestBuilders refers to the missing type URI
	The method user(String) from the type SecurityMockMvcRequestPostProcessors refers to the missing type String
	The method jsonPath(String, Object...) from the type MockMvcResultMatchers refers to the missing type String
	The method value(Object) from the type JsonPathResultMatchers refers to the missing type Object
	The method jsonPath(String, Object...) from the type MockMvcResultMatchers refers to the missing type String
	The method value(Object) from the type JsonPathResultMatchers refers to the missing type Object
	The method jsonPath(String, Object...) from the type MockMvcResultMatchers refers to the missing type String
	The method value(Object) from the type JsonPathResultMatchers refers to the missing type Object
	Exception cannot be resolved to a type
	The method get(URI) from the type MockMvcRequestBuilders refers to the missing type URI

	at com.syncstream.controller.AuthControllerTest.<init>(AuthControllerTest.java:1)
	at java.base/java.lang.reflect.Constructor.newInstanceWithCaller(Constructor.java:502)
	at java.base/java.lang.reflect.Constructor.newInstance(Constructor.java:486)
	at java.base/java.util.Optional.orElseGet(Optional.java:364)
	at java.base/java.util.ArrayList.forEach(ArrayList.java:1596)
	at java.base/java.util.ArrayList.forEach(ArrayList.java:1596)

[ERROR] com.syncstream.controller.AuthControllerTest.testGetCurrentUser_Unauthenticated -- Time elapsed: 0.001 s <<< ERROR!
java.lang.Error: 
Unresolved compilation problems: 
	The type java.lang.Object cannot be resolved. It is indirectly referenced from required .class files
	The import java.time.Instant cannot be resolved
	Implicit super constructor Object() is undefined for default constructor. Must define an explicit constructor
	Exception cannot be resolved to a type
	The method setUsername(String) from the type RegisterRequest refers to the missing type String
	The method setPassword(String) from the type RegisterRequest refers to the missing type String
	The method when(T) from the type Mockito refers to the missing type Object
	The method existsByUsername(String) from the type UserRepository refers to the missing type String
	The method encode(CharSequence) from the type PasswordEncoder refers to the missing type String
	The method mock(Class<T>) from the type Mockito refers to the missing type Object
	The method any(Class<T>) from the type ArgumentMatchers refers to the missing type Object
	The method generateToken(Authentication) from the type JwtTokenProvider refers to the missing type String
	The method post(URI) from the type MockMvcRequestBuilders refers to the missing type URI
	The method writeValueAsString(Object) from the type ObjectMapper refers to the missing type String
	The method jsonPath(String, Object...) from the type MockMvcResultMatchers refers to the missing type String
	The method value(Object) from the type JsonPathResultMatchers refers to the missing type Object
	The method jsonPath(String, Object...) from the type MockMvcResultMatchers refers to the missing type String
	The method value(Object) from the type JsonPathResultMatchers refers to the missing type Object
	The method any(Class<T>) from the type ArgumentMatchers refers to the missing type Object
	Exception cannot be resolved to a type
	The method setUsername(String) from the type RegisterRequest refers to the missing type String
	The method setPassword(String) from the type RegisterRequest refers to the missing type String
	The method when(T) from the type Mockito refers to the missing type Object
	The method existsByUsername(String) from the type UserRepository refers to the missing type String
	The method post(URI) from the type MockMvcRequestBuilders refers to the missing type URI
	The method writeValueAsString(Object) from the type ObjectMapper refers to the missing type String
	The method jsonPath(String, Object...) from the type MockMvcResultMatchers refers to the missing type String
	The method value(Object) from the type JsonPathResultMatchers refers to the missing type Object
	The method any(Class<T>) from the type ArgumentMatchers refers to the missing type Object
	Exception cannot be resolved to a type
	The method setUsername(String) from the type RegisterRequest refers to the missing type String
	The method setPassword(String) from the type RegisterRequest refers to the missing type String
	The method post(URI) from the type MockMvcRequestBuilders refers to the missing type URI
	The method writeValueAsString(Object) from the type ObjectMapper refers to the missing type String
	Exception cannot be resolved to a type
	The method setUsername(String) from the type LoginRequest refers to the missing type String
	The method setPassword(String) from the type LoginRequest refers to the missing type String
	The method id(String) from the type User.UserBuilder refers to the missing type String
	The method username(String) from the type User.UserBuilder refers to the missing type String
	The method mock(Class<T>) from the type Mockito refers to the missing type Object
	The method getPrincipal() from the type Authentication refers to the missing type Object
	The method any(Class<T>) from the type ArgumentMatchers refers to the missing type Object
	The method generateToken(Authentication) from the type JwtTokenProvider refers to the missing type String
	The method post(URI) from the type MockMvcRequestBuilders refers to the missing type URI
	The method writeValueAsString(Object) from the type ObjectMapper refers to the missing type String
	The method jsonPath(String, Object...) from the type MockMvcResultMatchers refers to the missing type String
	The method value(Object) from the type JsonPathResultMatchers refers to the missing type Object
	The method jsonPath(String, Object...) from the type MockMvcResultMatchers refers to the missing type String
	The method value(Object) from the type JsonPathResultMatchers refers to the missing type Object
	The method jsonPath(String, Object...) from the type MockMvcResultMatchers refers to the missing type String
	The method value(Object) from the type JsonPathResultMatchers refers to the missing type Object
	Exception cannot be resolved to a type
	The method id(String) from the type User.UserBuilder refers to the missing type String
	The method username(String) from the type User.UserBuilder refers to the missing type String
	Instant cannot be resolved
	The method get(URI) from the type MockMvcRequestBuilders refers to the missing type URI
	The method user(String) from the type SecurityMockMvcRequestPostProcessors refers to the missing type String
	The method jsonPath(String, Object...) from the type MockMvcResultMatchers refers to the missing type String
	The method value(Object) from the type JsonPathResultMatchers refers to the missing type Object
	The method jsonPath(String, Object...) from the type MockMvcResultMatchers refers to the missing type String
	The method value(Object) from the type JsonPathResultMatchers refers to the missing type Object
	The method jsonPath(String, Object...) from the type MockMvcResultMatchers refers to the missing type String
	The method value(Object) from the type JsonPathResultMatchers refers to the missing type Object
	Exception cannot be resolved to a type
	The method get(URI) from the type MockMvcRequestBuilders refers to the missing type URI

	at com.syncstream.controller.AuthControllerTest.<init>(AuthControllerTest.java:1)
	at java.base/java.lang.reflect.Constructor.newInstanceWithCaller(Constructor.java:502)
	at java.base/java.lang.reflect.Constructor.newInstance(Constructor.java:486)
	at java.base/java.util.Optional.orElseGet(Optional.java:364)
	at java.base/java.util.ArrayList.forEach(ArrayList.java:1596)
	at java.base/java.util.ArrayList.forEach(ArrayList.java:1596)

[ERROR] com.syncstream.controller.AuthControllerTest.testRegisterUser_ValidationFailure -- Time elapsed: 0.001 s <<< ERROR!
java.lang.Error: 
Unresolved compilation problems: 
	The type java.lang.Object cannot be resolved. It is indirectly referenced from required .class files
	The import java.time.Instant cannot be resolved
	Implicit super constructor Object() is undefined for default constructor. Must define an explicit constructor
	Exception cannot be resolved to a type
	The method setUsername(String) from the type RegisterRequest refers to the missing type String
	The method setPassword(String) from the type RegisterRequest refers to the missing type String
	The method when(T) from the type Mockito refers to the missing type Object
	The method existsByUsername(String) from the type UserRepository refers to the missing type String
	The method encode(CharSequence) from the type PasswordEncoder refers to the missing type String
	The method mock(Class<T>) from the type Mockito refers to the missing type Object
	The method any(Class<T>) from the type ArgumentMatchers refers to the missing type Object
	The method generateToken(Authentication) from the type JwtTokenProvider refers to the missing type String
	The method post(URI) from the type MockMvcRequestBuilders refers to the missing type URI
	The method writeValueAsString(Object) from the type ObjectMapper refers to the missing type String
	The method jsonPath(String, Object...) from the type MockMvcResultMatchers refers to the missing type String
	The method value(Object) from the type JsonPathResultMatchers refers to the missing type Object
	The method jsonPath(String, Object...) from the type MockMvcResultMatchers refers to the missing type String
	The method value(Object) from the type JsonPathResultMatchers refers to the missing type Object
	The method any(Class<T>) from the type ArgumentMatchers refers to the missing type Object
	Exception cannot be resolved to a type
	The method setUsername(String) from the type RegisterRequest refers to the missing type String
	The method setPassword(String) from the type RegisterRequest refers to the missing type String
	The method when(T) from the type Mockito refers to the missing type Object
	The method existsByUsername(String) from the type UserRepository refers to the missing type String
	The method post(URI) from the type MockMvcRequestBuilders refers to the missing type URI
	The method writeValueAsString(Object) from the type ObjectMapper refers to the missing type String
	The method jsonPath(String, Object...) from the type MockMvcResultMatchers refers to the missing type String
	The method value(Object) from the type JsonPathResultMatchers refers to the missing type Object
	The method any(Class<T>) from the type ArgumentMatchers refers to the missing type Object
	Exception cannot be resolved to a type
	The method setUsername(String) from the type RegisterRequest refers to the missing type String
	The method setPassword(String) from the type RegisterRequest refers to the missing type String
	The method post(URI) from the type MockMvcRequestBuilders refers to the missing type URI
	The method writeValueAsString(Object) from the type ObjectMapper refers to the missing type String
	Exception cannot be resolved to a type
	The method setUsername(String) from the type LoginRequest refers to the missing type String
	The method setPassword(String) from the type LoginRequest refers to the missing type String
	The method id(String) from the type User.UserBuilder refers to the missing type String
	The method username(String) from the type User.UserBuilder refers to the missing type String
	The method mock(Class<T>) from the type Mockito refers to the missing type Object
	The method getPrincipal() from the type Authentication refers to the missing type Object
	The method any(Class<T>) from the type ArgumentMatchers refers to the missing type Object
	The method generateToken(Authentication) from the type JwtTokenProvider refers to the missing type String
	The method post(URI) from the type MockMvcRequestBuilders refers to the missing type URI
	The method writeValueAsString(Object) from the type ObjectMapper refers to the missing type String
	The method jsonPath(String, Object...) from the type MockMvcResultMatchers refers to the missing type String
	The method value(Object) from the type JsonPathResultMatchers refers to the missing type Object
	The method jsonPath(String, Object...) from the type MockMvcResultMatchers refers to the missing type String
	The method value(Object) from the type JsonPathResultMatchers refers to the missing type Object
	The method jsonPath(String, Object...) from the type MockMvcResultMatchers refers to the missing type String
	The method value(Object) from the type JsonPathResultMatchers refers to the missing type Object
	Exception cannot be resolved to a type
	The method id(String) from the type User.UserBuilder refers to the missing type String
	The method username(String) from the type User.UserBuilder refers to the missing type String
	Instant cannot be resolved
	The method get(URI) from the type MockMvcRequestBuilders refers to the missing type URI
	The method user(String) from the type SecurityMockMvcRequestPostProcessors refers to the missing type String
	The method jsonPath(String, Object...) from the type MockMvcResultMatchers refers to the missing type String
	The method value(Object) from the type JsonPathResultMatchers refers to the missing type Object
	The method jsonPath(String, Object...) from the type MockMvcResultMatchers refers to the missing type String
	The method value(Object) from the type JsonPathResultMatchers refers to the missing type Object
	The method jsonPath(String, Object...) from the type MockMvcResultMatchers refers to the missing type String
	The method value(Object) from the type JsonPathResultMatchers refers to the missing type Object
	Exception cannot be resolved to a type
	The method get(URI) from the type MockMvcRequestBuilders refers to the missing type URI

	at com.syncstream.controller.AuthControllerTest.<init>(AuthControllerTest.java:1)
	at java.base/java.lang.reflect.Constructor.newInstanceWithCaller(Constructor.java:502)
	at java.base/java.lang.reflect.Constructor.newInstance(Constructor.java:486)
	at java.base/java.util.Optional.orElseGet(Optional.java:364)
	at java.base/java.util.ArrayList.forEach(ArrayList.java:1596)
	at java.base/java.util.ArrayList.forEach(ArrayList.java:1596)

[ERROR] com.syncstream.controller.AuthControllerTest.testAuthenticateUser_Success -- Time elapsed: 0.002 s <<< ERROR!
java.lang.Error: 
Unresolved compilation problems: 
	The type java.lang.Object cannot be resolved. It is indirectly referenced from required .class files
	The import java.time.Instant cannot be resolved
	Implicit super constructor Object() is undefined for default constructor. Must define an explicit constructor
	Exception cannot be resolved to a type
	The method setUsername(String) from the type RegisterRequest refers to the missing type String
	The method setPassword(String) from the type RegisterRequest refers to the missing type String
	The method when(T) from the type Mockito refers to the missing type Object
	The method existsByUsername(String) from the type UserRepository refers to the missing type String
	The method encode(CharSequence) from the type PasswordEncoder refers to the missing type String
	The method mock(Class<T>) from the type Mockito refers to the missing type Object
	The method any(Class<T>) from the type ArgumentMatchers refers to the missing type Object
	The method generateToken(Authentication) from the type JwtTokenProvider refers to the missing type String
	The method post(URI) from the type MockMvcRequestBuilders refers to the missing type URI
	The method writeValueAsString(Object) from the type ObjectMapper refers to the missing type String
	The method jsonPath(String, Object...) from the type MockMvcResultMatchers refers to the missing type String
	The method value(Object) from the type JsonPathResultMatchers refers to the missing type Object
	The method jsonPath(String, Object...) from the type MockMvcResultMatchers refers to the missing type String
	The method value(Object) from the type JsonPathResultMatchers refers to the missing type Object
	The method any(Class<T>) from the type ArgumentMatchers refers to the missing type Object
	Exception cannot be resolved to a type
	The method setUsername(String) from the type RegisterRequest refers to the missing type String
	The method setPassword(String) from the type RegisterRequest refers to the missing type String
	The method when(T) from the type Mockito refers to the missing type Object
	The method existsByUsername(String) from the type UserRepository refers to the missing type String
	The method post(URI) from the type MockMvcRequestBuilders refers to the missing type URI
	The method writeValueAsString(Object) from the type ObjectMapper refers to the missing type String
	The method jsonPath(String, Object...) from the type MockMvcResultMatchers refers to the missing type String
	The method value(Object) from the type JsonPathResultMatchers refers to the missing type Object
	The method any(Class<T>) from the type ArgumentMatchers refers to the missing type Object
	Exception cannot be resolved to a type
	The method setUsername(String) from the type RegisterRequest refers to the missing type String
	The method setPassword(String) from the type RegisterRequest refers to the missing type String
	The method post(URI) from the type MockMvcRequestBuilders refers to the missing type URI
	The method writeValueAsString(Object) from the type ObjectMapper refers to the missing type String
	Exception cannot be resolved to a type
	The method setUsername(String) from the type LoginRequest refers to the missing type String
	The method setPassword(String) from the type LoginRequest refers to the missing type String
	The method id(String) from the type User.UserBuilder refers to the missing type String
	The method username(String) from the type User.UserBuilder refers to the missing type String
	The method mock(Class<T>) from the type Mockito refers to the missing type Object
	The method getPrincipal() from the type Authentication refers to the missing type Object
	The method any(Class<T>) from the type ArgumentMatchers refers to the missing type Object
	The method generateToken(Authentication) from the type JwtTokenProvider refers to the missing type String
	The method post(URI) from the type MockMvcRequestBuilders refers to the missing type URI
	The method writeValueAsString(Object) from the type ObjectMapper refers to the missing type String
	The method jsonPath(String, Object...) from the type MockMvcResultMatchers refers to the missing type String
	The method value(Object) from the type JsonPathResultMatchers refers to the missing type Object
	The method jsonPath(String, Object...) from the type MockMvcResultMatchers refers to the missing type String
	The method value(Object) from the type JsonPathResultMatchers refers to the missing type Object
	The method jsonPath(String, Object...) from the type MockMvcResultMatchers refers to the missing type String
	The method value(Object) from the type JsonPathResultMatchers refers to the missing type Object
	Exception cannot be resolved to a type
	The method id(String) from the type User.UserBuilder refers to the missing type String
	The method username(String) from the type User.UserBuilder refers to the missing type String
	Instant cannot be resolved
	The method get(URI) from the type MockMvcRequestBuilders refers to the missing type URI
	The method user(String) from the type SecurityMockMvcRequestPostProcessors refers to the missing type String
	The method jsonPath(String, Object...) from the type MockMvcResultMatchers refers to the missing type String
	The method value(Object) from the type JsonPathResultMatchers refers to the missing type Object
	The method jsonPath(String, Object...) from the type MockMvcResultMatchers refers to the missing type String
	The method value(Object) from the type JsonPathResultMatchers refers to the missing type Object
	The method jsonPath(String, Object...) from the type MockMvcResultMatchers refers to the missing type String
	The method value(Object) from the type JsonPathResultMatchers refers to the missing type Object
	Exception cannot be resolved to a type
	The method get(URI) from the type MockMvcRequestBuilders refers to the missing type URI

	at com.syncstream.controller.AuthControllerTest.<init>(AuthControllerTest.java:1)
	at java.base/java.lang.reflect.Constructor.newInstanceWithCaller(Constructor.java:502)
	at java.base/java.lang.reflect.Constructor.newInstance(Constructor.java:486)
	at java.base/java.util.Optional.orElseGet(Optional.java:364)
	at java.base/java.util.ArrayList.forEach(ArrayList.java:1596)
	at java.base/java.util.ArrayList.forEach(ArrayList.java:1596)

[INFO] Running com.syncstream.controller.HealthControllerTest
04:24:54.610 [main] INFO org.springframework.test.context.support.AnnotationConfigContextLoaderUtils -- Could not detect default configuration classes for test class [com.syncstream.controller.HealthControllerTest]: HealthControllerTest does not declare any static, non-private, non-final, nested classes annotated with @Configuration.
04:24:54.651 [main] INFO org.springframework.boot.test.context.SpringBootTestContextBootstrapper -- Found @SpringBootConfiguration com.syncstream.SyncStreamApplication for test class com.syncstream.controller.HealthControllerTest
[ERROR] Tests run: 1, Failures: 0, Errors: 1, Skipped: 0, Time elapsed: 0.054 s <<< FAILURE! -- in com.syncstream.controller.HealthControllerTest
[ERROR] com.syncstream.controller.HealthControllerTest.testHealthCheck -- Time elapsed: 0.002 s <<< ERROR!
java.lang.Error: 
Unresolved compilation problems: 
	Implicit super constructor Object() is undefined for default constructor. Must define an explicit constructor
	Exception cannot be resolved to a type
	The method get(URI) from the type MockMvcRequestBuilders refers to the missing type URI
	The method jsonPath(String, Object...) from the type MockMvcResultMatchers refers to the missing type String
	The method value(Object) from the type JsonPathResultMatchers refers to the missing type Object
	The method jsonPath(String, Object...) from the type MockMvcResultMatchers refers to the missing type String
	The method value(Object) from the type JsonPathResultMatchers refers to the missing type Object

	at com.syncstream.controller.HealthControllerTest.<init>(HealthControllerTest.java:20)
	at java.base/java.lang.reflect.Constructor.newInstanceWithCaller(Constructor.java:502)
	at java.base/java.lang.reflect.Constructor.newInstance(Constructor.java:486)
	at java.base/java.util.Optional.orElseGet(Optional.java:364)
	at java.base/java.util.ArrayList.forEach(ArrayList.java:1596)
	at java.base/java.util.ArrayList.forEach(ArrayList.java:1596)

[INFO] Running com.syncstream.controller.RoomControllerTest
04:24:54.682 [main] INFO org.springframework.test.context.support.AnnotationConfigContextLoaderUtils -- Could not detect default configuration classes for test class [com.syncstream.controller.RoomControllerTest]: RoomControllerTest does not declare any static, non-private, non-final, nested classes annotated with @Configuration.
04:24:54.721 [main] INFO org.springframework.boot.test.context.SpringBootTestContextBootstrapper -- Found @SpringBootConfiguration com.syncstream.SyncStreamApplication for test class com.syncstream.controller.RoomControllerTest
[ERROR] Tests run: 7, Failures: 0, Errors: 7, Skipped: 0, Time elapsed: 0.076 s <<< FAILURE! -- in com.syncstream.controller.RoomControllerTest
[ERROR] com.syncstream.controller.RoomControllerTest.testGetRoomById_Success -- Time elapsed: 0.002 s <<< ERROR!
java.lang.Error: 
Unresolved compilation problems: 
	The type java.lang.annotation.ElementType cannot be resolved. It is indirectly referenced from required type org.springframework.lang.Nullable
	The type java.util.List cannot be resolved. It is indirectly referenced from required type org.junit.jupiter.api.Assertions
	The type java.util.Map cannot be resolved. It is indirectly referenced from required type org.mockito.ArgumentMatchers
	The type java.lang.annotation.Documented cannot be resolved. It is indirectly referenced from required type org.springframework.test.web.servlet.request.package-info
	The type java.lang.annotation.RetentionPolicy cannot be resolved. It is indirectly referenced from required type org.springframework.test.web.servlet.request.package-info
	The type java.lang.annotation.Retention cannot be resolved. It is indirectly referenced from required type org.springframework.test.web.servlet.request.package-info
	The import java.time.Instant cannot be resolved
	Implicit super constructor Object() is undefined for default constructor. Must define an explicit constructor
	The method id(String) from the type User.UserBuilder refers to the missing type String
	The method username(String) from the type User.UserBuilder refers to the missing type String
	Exception cannot be resolved to a type
	Map cannot be resolved to a type
	String cannot be resolved to a type
	String cannot be resolved to a type
	HashMap cannot be resolved to a type
	The method id(String) from the type Room.RoomBuilder refers to the missing type String
	The method name(String) from the type Room.RoomBuilder refers to the missing type String
	The method description(String) from the type Room.RoomBuilder refers to the missing type String
	The method ownerId(String) from the type Room.RoomBuilder refers to the missing type String
	HashSet cannot be resolved to a type
	Collections cannot be resolved
	Instant cannot be resolved
	The method anyString() from the type ArgumentMatchers refers to the missing type String
	The method anyString() from the type ArgumentMatchers refers to the missing type String
	The method anyString() from the type ArgumentMatchers refers to the missing type String
	The method post(URI) from the type MockMvcRequestBuilders refers to the missing type URI
	The method user(String) from the type SecurityMockMvcRequestPostProcessors refers to the missing type String
	The method jsonPath(String, Object...) from the type MockMvcResultMatchers refers to the missing type String
	The method value(Object) from the type JsonPathResultMatchers refers to the missing type Object
	The method jsonPath(String, Object...) from the type MockMvcResultMatchers refers to the missing type String
	The method value(Object) from the type JsonPathResultMatchers refers to the missing type Object
	The method jsonPath(String, Object...) from the type MockMvcResultMatchers refers to the missing type String
	The method value(Object) from the type JsonPathResultMatchers refers to the missing type Object
	Exception cannot be resolved to a type
	Map cannot be resolved to a type
	String cannot be resolved to a type
	String cannot be resolved to a type
	HashMap cannot be resolved to a type
	The method post(URI) from the type MockMvcRequestBuilders refers to the missing type URI
	The method user(String) from the type SecurityMockMvcRequestPostProcessors refers to the missing type String
	The method jsonPath(String, Object...) from the type MockMvcResultMatchers refers to the missing type String
	The method value(Object) from the type JsonPathResultMatchers refers to the missing type Object
	Exception cannot be resolved to a type
	The method id(String) from the type Room.RoomBuilder refers to the missing type String
	The method name(String) from the type Room.RoomBuilder refers to the missing type String
	The method id(String) from the type Room.RoomBuilder refers to the missing type String
	The method name(String) from the type Room.RoomBuilder refers to the missing type String
	List cannot be resolved to a type
	Arrays cannot be resolved
	The method getAllRooms() from the type RoomService refers to the missing type List
	The method get(URI) from the type MockMvcRequestBuilders refers to the missing type URI
	The method user(String) from the type SecurityMockMvcRequestPostProcessors refers to the missing type String
	The type java.lang.Integer cannot be resolved. It is indirectly referenced from required type org.junit.jupiter.api.Assertions
	The method jsonPath(String, Object...) from the type MockMvcResultMatchers refers to the missing type String
	The method value(Matcher<? super T>) from the type JsonPathResultMatchers refers to the missing type Object
	The method jsonPath(String, Object...) from the type MockMvcResultMatchers refers to the missing type String
	The method value(Object) from the type JsonPathResultMatchers refers to the missing type Object
	The method jsonPath(String, Object...) from the type MockMvcResultMatchers refers to the missing type String
	The method value(Object) from the type JsonPathResultMatchers refers to the missing type Object
	Exception cannot be resolved to a type
	The method id(String) from the type Room.RoomBuilder refers to the missing type String
	The method name(String) from the type Room.RoomBuilder refers to the missing type String
	HashSet cannot be resolved to a type
	Collections cannot be resolved
	The method getRoomById(String) from the type RoomService refers to the missing type Optional
	The type java.util.Optional cannot be resolved. It is indirectly referenced from required type org.mockito.junit.jupiter.MockitoExtension
	Optional cannot be resolved
	The method get(URI) from the type MockMvcRequestBuilders refers to the missing type URI
	The method user(String) from the type SecurityMockMvcRequestPostProcessors refers to the missing type String
	The method jsonPath(String, Object...) from the type MockMvcResultMatchers refers to the missing type String
	The method value(Object) from the type JsonPathResultMatchers refers to the missing type Object
	The method jsonPath(String, Object...) from the type MockMvcResultMatchers refers to the missing type String
	The method value(Object) from the type JsonPathResultMatchers refers to the missing type Object
	Exception cannot be resolved to a type
	The method id(String) from the type Room.RoomBuilder refers to the missing type String
	The method name(String) from the type Room.RoomBuilder refers to the missing type String
	HashSet cannot be resolved to a type
	Collections cannot be resolved
	The method getRoomById(String) from the type RoomService refers to the missing type Optional
	Optional cannot be resolved
	The method get(URI) from the type MockMvcRequestBuilders refers to the missing type URI
	The method user(String) from the type SecurityMockMvcRequestPostProcessors refers to the missing type String
	The method jsonPath(String, Object...) from the type MockMvcResultMatchers refers to the missing type String
	The method value(Object) from the type JsonPathResultMatchers refers to the missing type Object
	Exception cannot be resolved to a type
	The method id(String) from the type Room.RoomBuilder refers to the missing type String
	The method name(String) from the type Room.RoomBuilder refers to the missing type String
	HashSet cannot be resolved to a type
	Arrays cannot be resolved
	The method userId(String) from the type UserPresenceDto.UserPresenceDtoBuilder refers to the missing type String
	The method username(String) from the type UserPresenceDto.UserPresenceDtoBuilder refers to the missing type String
	The method userId(String) from the type UserPresenceDto.UserPresenceDtoBuilder refers to the missing type String
	The method username(String) from the type UserPresenceDto.UserPresenceDtoBuilder refers to the missing type String
	The method when(T) from the type Mockito refers to the missing type Object
	The method isMember(String, String) from the type RoomService refers to the missing type String
	The method getRoomById(String) from the type RoomService refers to the missing type Optional
	Optional cannot be resolved
	The method getUserPresence(String) from the type PresenceService refers to the missing type String
	The method getUserPresence(String) from the type PresenceService refers to the missing type String
	Exception cannot be resolved to a type

	at com.syncstream.controller.RoomControllerTest.<init>(RoomControllerTest.java:1)
	at java.base/java.lang.reflect.Constructor.newInstanceWithCaller(Constructor.java:502)
	at java.base/java.lang.reflect.Constructor.newInstance(Constructor.java:486)
	at java.base/java.util.Optional.orElseGet(Optional.java:364)
	at java.base/java.util.ArrayList.forEach(ArrayList.java:1596)
	at java.base/java.util.ArrayList.forEach(ArrayList.java:1596)

[ERROR] com.syncstream.controller.RoomControllerTest.testCreateRoom_Success -- Time elapsed: 0.002 s <<< ERROR!
java.lang.Error: 
Unresolved compilation problems: 
	The type java.lang.annotation.ElementType cannot be resolved. It is indirectly referenced from required type org.springframework.lang.Nullable
	The type java.util.List cannot be resolved. It is indirectly referenced from required type org.junit.jupiter.api.Assertions
	The type java.util.Map cannot be resolved. It is indirectly referenced from required type org.mockito.ArgumentMatchers
	The type java.lang.annotation.Documented cannot be resolved. It is indirectly referenced from required type org.springframework.test.web.servlet.request.package-info
	The type java.lang.annotation.RetentionPolicy cannot be resolved. It is indirectly referenced from required type org.springframework.test.web.servlet.request.package-info
	The type java.lang.annotation.Retention cannot be resolved. It is indirectly referenced from required type org.springframework.test.web.servlet.request.package-info
	The import java.time.Instant cannot be resolved
	Implicit super constructor Object() is undefined for default constructor. Must define an explicit constructor
	The method id(String) from the type User.UserBuilder refers to the missing type String
	The method username(String) from the type User.UserBuilder refers to the missing type String
	Exception cannot be resolved to a type
	Map cannot be resolved to a type
	String cannot be resolved to a type
	String cannot be resolved to a type
	HashMap cannot be resolved to a type
	The method id(String) from the type Room.RoomBuilder refers to the missing type String
	The method name(String) from the type Room.RoomBuilder refers to the missing type String
	The method description(String) from the type Room.RoomBuilder refers to the missing type String
	The method ownerId(String) from the type Room.RoomBuilder refers to the missing type String
	HashSet cannot be resolved to a type
	Collections cannot be resolved
	Instant cannot be resolved
	The method anyString() from the type ArgumentMatchers refers to the missing type String
	The method anyString() from the type ArgumentMatchers refers to the missing type String
	The method anyString() from the type ArgumentMatchers refers to the missing type String
	The method post(URI) from the type MockMvcRequestBuilders refers to the missing type URI
	The method user(String) from the type SecurityMockMvcRequestPostProcessors refers to the missing type String
	The method jsonPath(String, Object...) from the type MockMvcResultMatchers refers to the missing type String
	The method value(Object) from the type JsonPathResultMatchers refers to the missing type Object
	The method jsonPath(String, Object...) from the type MockMvcResultMatchers refers to the missing type String
	The method value(Object) from the type JsonPathResultMatchers refers to the missing type Object
	The method jsonPath(String, Object...) from the type MockMvcResultMatchers refers to the missing type String
	The method value(Object) from the type JsonPathResultMatchers refers to the missing type Object
	Exception cannot be resolved to a type
	Map cannot be resolved to a type
	String cannot be resolved to a type
	String cannot be resolved to a type
	HashMap cannot be resolved to a type
	The method post(URI) from the type MockMvcRequestBuilders refers to the missing type URI
	The method user(String) from the type SecurityMockMvcRequestPostProcessors refers to the missing type String
	The method jsonPath(String, Object...) from the type MockMvcResultMatchers refers to the missing type String
	The method value(Object) from the type JsonPathResultMatchers refers to the missing type Object
	Exception cannot be resolved to a type
	The method id(String) from the type Room.RoomBuilder refers to the missing type String
	The method name(String) from the type Room.RoomBuilder refers to the missing type String
	The method id(String) from the type Room.RoomBuilder refers to the missing type String
	The method name(String) from the type Room.RoomBuilder refers to the missing type String
	List cannot be resolved to a type
	Arrays cannot be resolved
	The method getAllRooms() from the type RoomService refers to the missing type List
	The method get(URI) from the type MockMvcRequestBuilders refers to the missing type URI
	The method user(String) from the type SecurityMockMvcRequestPostProcessors refers to the missing type String
	The type java.lang.Integer cannot be resolved. It is indirectly referenced from required type org.junit.jupiter.api.Assertions
	The method jsonPath(String, Object...) from the type MockMvcResultMatchers refers to the missing type String
	The method value(Matcher<? super T>) from the type JsonPathResultMatchers refers to the missing type Object
	The method jsonPath(String, Object...) from the type MockMvcResultMatchers refers to the missing type String
	The method value(Object) from the type JsonPathResultMatchers refers to the missing type Object
	The method jsonPath(String, Object...) from the type MockMvcResultMatchers refers to the missing type String
	The method value(Object) from the type JsonPathResultMatchers refers to the missing type Object
	Exception cannot be resolved to a type
	The method id(String) from the type Room.RoomBuilder refers to the missing type String
	The method name(String) from the type Room.RoomBuilder refers to the missing type String
	HashSet cannot be resolved to a type
	Collections cannot be resolved
	The method getRoomById(String) from the type RoomService refers to the missing type Optional
	The type java.util.Optional cannot be resolved. It is indirectly referenced from required type org.mockito.junit.jupiter.MockitoExtension
	Optional cannot be resolved
	The method get(URI) from the type MockMvcRequestBuilders refers to the missing type URI
	The method user(String) from the type SecurityMockMvcRequestPostProcessors refers to the missing type String
	The method jsonPath(String, Object...) from the type MockMvcResultMatchers refers to the missing type String
	The method value(Object) from the type JsonPathResultMatchers refers to the missing type Object
	The method jsonPath(String, Object...) from the type MockMvcResultMatchers refers to the missing type String
	The method value(Object) from the type JsonPathResultMatchers refers to the missing type Object
	Exception cannot be resolved to a type
	The method id(String) from the type Room.RoomBuilder refers to the missing type String
	The method name(String) from the type Room.RoomBuilder refers to the missing type String
	HashSet cannot be resolved to a type
	Collections cannot be resolved
	The method getRoomById(String) from the type RoomService refers to the missing type Optional
	Optional cannot be resolved
	The method get(URI) from the type MockMvcRequestBuilders refers to the missing type URI
	The method user(String) from the type SecurityMockMvcRequestPostProcessors refers to the missing type String
	The method jsonPath(String, Object...) from the type MockMvcResultMatchers refers to the missing type String
	The method value(Object) from the type JsonPathResultMatchers refers to the missing type Object
	Exception cannot be resolved to a type
	The method id(String) from the type Room.RoomBuilder refers to the missing type String
	The method name(String) from the type Room.RoomBuilder refers to the missing type String
	HashSet cannot be resolved to a type
	Arrays cannot be resolved
	The method userId(String) from the type UserPresenceDto.UserPresenceDtoBuilder refers to the missing type String
	The method username(String) from the type UserPresenceDto.UserPresenceDtoBuilder refers to the missing type String
	The method userId(String) from the type UserPresenceDto.UserPresenceDtoBuilder refers to the missing type String
	The method username(String) from the type UserPresenceDto.UserPresenceDtoBuilder refers to the missing type String
	The method when(T) from the type Mockito refers to the missing type Object
	The method isMember(String, String) from the type RoomService refers to the missing type String
	The method getRoomById(String) from the type RoomService refers to the missing type Optional
	Optional cannot be resolved
	The method getUserPresence(String) from the type PresenceService refers to the missing type String
	The method getUserPresence(String) from the type PresenceService refers to the missing type String
	Exception cannot be resolved to a type

	at com.syncstream.controller.RoomControllerTest.<init>(RoomControllerTest.java:1)
	at java.base/java.lang.reflect.Constructor.newInstanceWithCaller(Constructor.java:502)
	at java.base/java.lang.reflect.Constructor.newInstance(Constructor.java:486)
	at java.base/java.util.Optional.orElseGet(Optional.java:364)
	at java.base/java.util.ArrayList.forEach(ArrayList.java:1596)
	at java.base/java.util.ArrayList.forEach(ArrayList.java:1596)

[ERROR] com.syncstream.controller.RoomControllerTest.testGetAllRooms -- Time elapsed: 0.002 s <<< ERROR!
java.lang.Error: 
Unresolved compilation problems: 
	The type java.lang.annotation.ElementType cannot be resolved. It is indirectly referenced from required type org.springframework.lang.Nullable
	The type java.util.List cannot be resolved. It is indirectly referenced from required type org.junit.jupiter.api.Assertions
	The type java.util.Map cannot be resolved. It is indirectly referenced from required type org.mockito.ArgumentMatchers
	The type java.lang.annotation.Documented cannot be resolved. It is indirectly referenced from required type org.springframework.test.web.servlet.request.package-info
	The type java.lang.annotation.RetentionPolicy cannot be resolved. It is indirectly referenced from required type org.springframework.test.web.servlet.request.package-info
	The type java.lang.annotation.Retention cannot be resolved. It is indirectly referenced from required type org.springframework.test.web.servlet.request.package-info
	The import java.time.Instant cannot be resolved
	Implicit super constructor Object() is undefined for default constructor. Must define an explicit constructor
	The method id(String) from the type User.UserBuilder refers to the missing type String
	The method username(String) from the type User.UserBuilder refers to the missing type String
	Exception cannot be resolved to a type
	Map cannot be resolved to a type
	String cannot be resolved to a type
	String cannot be resolved to a type
	HashMap cannot be resolved to a type
	The method id(String) from the type Room.RoomBuilder refers to the missing type String
	The method name(String) from the type Room.RoomBuilder refers to the missing type String
	The method description(String) from the type Room.RoomBuilder refers to the missing type String
	The method ownerId(String) from the type Room.RoomBuilder refers to the missing type String
	HashSet cannot be resolved to a type
	Collections cannot be resolved
	Instant cannot be resolved
	The method anyString() from the type ArgumentMatchers refers to the missing type String
	The method anyString() from the type ArgumentMatchers refers to the missing type String
	The method anyString() from the type ArgumentMatchers refers to the missing type String
	The method post(URI) from the type MockMvcRequestBuilders refers to the missing type URI
	The method user(String) from the type SecurityMockMvcRequestPostProcessors refers to the missing type String
	The method jsonPath(String, Object...) from the type MockMvcResultMatchers refers to the missing type String
	The method value(Object) from the type JsonPathResultMatchers refers to the missing type Object
	The method jsonPath(String, Object...) from the type MockMvcResultMatchers refers to the missing type String
	The method value(Object) from the type JsonPathResultMatchers refers to the missing type Object
	The method jsonPath(String, Object...) from the type MockMvcResultMatchers refers to the missing type String
	The method value(Object) from the type JsonPathResultMatchers refers to the missing type Object
	Exception cannot be resolved to a type
	Map cannot be resolved to a type
	String cannot be resolved to a type
	String cannot be resolved to a type
	HashMap cannot be resolved to a type
	The method post(URI) from the type MockMvcRequestBuilders refers to the missing type URI
	The method user(String) from the type SecurityMockMvcRequestPostProcessors refers to the missing type String
	The method jsonPath(String, Object...) from the type MockMvcResultMatchers refers to the missing type String
	The method value(Object) from the type JsonPathResultMatchers refers to the missing type Object
	Exception cannot be resolved to a type
	The method id(String) from the type Room.RoomBuilder refers to the missing type String
	The method name(String) from the type Room.RoomBuilder refers to the missing type String
	The method id(String) from the type Room.RoomBuilder refers to the missing type String
	The method name(String) from the type Room.RoomBuilder refers to the missing type String
	List cannot be resolved to a type
	Arrays cannot be resolved
	The method getAllRooms() from the type RoomService refers to the missing type List
	The method get(URI) from the type MockMvcRequestBuilders refers to the missing type URI
	The method user(String) from the type SecurityMockMvcRequestPostProcessors refers to the missing type String
	The type java.lang.Integer cannot be resolved. It is indirectly referenced from required type org.junit.jupiter.api.Assertions
	The method jsonPath(String, Object...) from the type MockMvcResultMatchers refers to the missing type String
	The method value(Matcher<? super T>) from the type JsonPathResultMatchers refers to the missing type Object
	The method jsonPath(String, Object...) from the type MockMvcResultMatchers refers to the missing type String
	The method value(Object) from the type JsonPathResultMatchers refers to the missing type Object
	The method jsonPath(String, Object...) from the type MockMvcResultMatchers refers to the missing type String
	The method value(Object) from the type JsonPathResultMatchers refers to the missing type Object
	Exception cannot be resolved to a type
	The method id(String) from the type Room.RoomBuilder refers to the missing type String
	The method name(String) from the type Room.RoomBuilder refers to the missing type String
	HashSet cannot be resolved to a type
	Collections cannot be resolved
	The method getRoomById(String) from the type RoomService refers to the missing type Optional
	The type java.util.Optional cannot be resolved. It is indirectly referenced from required type org.mockito.junit.jupiter.MockitoExtension
	Optional cannot be resolved
	The method get(URI) from the type MockMvcRequestBuilders refers to the missing type URI
	The method user(String) from the type SecurityMockMvcRequestPostProcessors refers to the missing type String
	The method jsonPath(String, Object...) from the type MockMvcResultMatchers refers to the missing type String
	The method value(Object) from the type JsonPathResultMatchers refers to the missing type Object
	The method jsonPath(String, Object...) from the type MockMvcResultMatchers refers to the missing type String
	The method value(Object) from the type JsonPathResultMatchers refers to the missing type Object
	Exception cannot be resolved to a type
	The method id(String) from the type Room.RoomBuilder refers to the missing type String
	The method name(String) from the type Room.RoomBuilder refers to the missing type String
	HashSet cannot be resolved to a type
	Collections cannot be resolved
	The method getRoomById(String) from the type RoomService refers to the missing type Optional
	Optional cannot be resolved
	The method get(URI) from the type MockMvcRequestBuilders refers to the missing type URI
	The method user(String) from the type SecurityMockMvcRequestPostProcessors refers to the missing type String
	The method jsonPath(String, Object...) from the type MockMvcResultMatchers refers to the missing type String
	The method value(Object) from the type JsonPathResultMatchers refers to the missing type Object
	Exception cannot be resolved to a type
	The method id(String) from the type Room.RoomBuilder refers to the missing type String
	The method name(String) from the type Room.RoomBuilder refers to the missing type String
	HashSet cannot be resolved to a type
	Arrays cannot be resolved
	The method userId(String) from the type UserPresenceDto.UserPresenceDtoBuilder refers to the missing type String
	The method username(String) from the type UserPresenceDto.UserPresenceDtoBuilder refers to the missing type String
	The method userId(String) from the type UserPresenceDto.UserPresenceDtoBuilder refers to the missing type String
	The method username(String) from the type UserPresenceDto.UserPresenceDtoBuilder refers to the missing type String
	The method when(T) from the type Mockito refers to the missing type Object
	The method isMember(String, String) from the type RoomService refers to the missing type String
	The method getRoomById(String) from the type RoomService refers to the missing type Optional
	Optional cannot be resolved
	The method getUserPresence(String) from the type PresenceService refers to the missing type String
	The method getUserPresence(String) from the type PresenceService refers to the missing type String
	Exception cannot be resolved to a type

	at com.syncstream.controller.RoomControllerTest.<init>(RoomControllerTest.java:1)
	at java.base/java.lang.reflect.Constructor.newInstanceWithCaller(Constructor.java:502)
	at java.base/java.lang.reflect.Constructor.newInstance(Constructor.java:486)
	at java.base/java.util.Optional.orElseGet(Optional.java:364)
	at java.base/java.util.ArrayList.forEach(ArrayList.java:1596)
	at java.base/java.util.ArrayList.forEach(ArrayList.java:1596)

[ERROR] com.syncstream.controller.RoomControllerTest.testGetRoomMessages_Success -- Time elapsed: 0.003 s <<< ERROR!
java.lang.Error: 
Unresolved compilation problems: 
	The type java.lang.annotation.ElementType cannot be resolved. It is indirectly referenced from required type org.springframework.lang.Nullable
	The type java.util.List cannot be resolved. It is indirectly referenced from required type org.junit.jupiter.api.Assertions
	The type java.util.Map cannot be resolved. It is indirectly referenced from required type org.mockito.ArgumentMatchers
	The type java.lang.annotation.Documented cannot be resolved. It is indirectly referenced from required type org.springframework.test.web.servlet.request.package-info
	The type java.lang.annotation.RetentionPolicy cannot be resolved. It is indirectly referenced from required type org.springframework.test.web.servlet.request.package-info
	The type java.lang.annotation.Retention cannot be resolved. It is indirectly referenced from required type org.springframework.test.web.servlet.request.package-info
	The import java.time.Instant cannot be resolved
	Implicit super constructor Object() is undefined for default constructor. Must define an explicit constructor
	The method id(String) from the type User.UserBuilder refers to the missing type String
	The method username(String) from the type User.UserBuilder refers to the missing type String
	Exception cannot be resolved to a type
	Map cannot be resolved to a type
	String cannot be resolved to a type
	String cannot be resolved to a type
	HashMap cannot be resolved to a type
	The method id(String) from the type Room.RoomBuilder refers to the missing type String
	The method name(String) from the type Room.RoomBuilder refers to the missing type String
	The method description(String) from the type Room.RoomBuilder refers to the missing type String
	The method ownerId(String) from the type Room.RoomBuilder refers to the missing type String
	HashSet cannot be resolved to a type
	Collections cannot be resolved
	Instant cannot be resolved
	The method anyString() from the type ArgumentMatchers refers to the missing type String
	The method anyString() from the type ArgumentMatchers refers to the missing type String
	The method anyString() from the type ArgumentMatchers refers to the missing type String
	The method post(URI) from the type MockMvcRequestBuilders refers to the missing type URI
	The method user(String) from the type SecurityMockMvcRequestPostProcessors refers to the missing type String
	The method jsonPath(String, Object...) from the type MockMvcResultMatchers refers to the missing type String
	The method value(Object) from the type JsonPathResultMatchers refers to the missing type Object
	The method jsonPath(String, Object...) from the type MockMvcResultMatchers refers to the missing type String
	The method value(Object) from the type JsonPathResultMatchers refers to the missing type Object
	The method jsonPath(String, Object...) from the type MockMvcResultMatchers refers to the missing type String
	The method value(Object) from the type JsonPathResultMatchers refers to the missing type Object
	Exception cannot be resolved to a type
	Map cannot be resolved to a type
	String cannot be resolved to a type
	String cannot be resolved to a type
	HashMap cannot be resolved to a type
	The method post(URI) from the type MockMvcRequestBuilders refers to the missing type URI
	The method user(String) from the type SecurityMockMvcRequestPostProcessors refers to the missing type String
	The method jsonPath(String, Object...) from the type MockMvcResultMatchers refers to the missing type String
	The method value(Object) from the type JsonPathResultMatchers refers to the missing type Object
	Exception cannot be resolved to a type
	The method id(String) from the type Room.RoomBuilder refers to the missing type String
	The method name(String) from the type Room.RoomBuilder refers to the missing type String
	The method id(String) from the type Room.RoomBuilder refers to the missing type String
	The method name(String) from the type Room.RoomBuilder refers to the missing type String
	List cannot be resolved to a type
	Arrays cannot be resolved
	The method getAllRooms() from the type RoomService refers to the missing type List
	The method get(URI) from the type MockMvcRequestBuilders refers to the missing type URI
	The method user(String) from the type SecurityMockMvcRequestPostProcessors refers to the missing type String
	The type java.lang.Integer cannot be resolved. It is indirectly referenced from required type org.junit.jupiter.api.Assertions
	The method jsonPath(String, Object...) from the type MockMvcResultMatchers refers to the missing type String
	The method value(Matcher<? super T>) from the type JsonPathResultMatchers refers to the missing type Object
	The method jsonPath(String, Object...) from the type MockMvcResultMatchers refers to the missing type String
	The method value(Object) from the type JsonPathResultMatchers refers to the missing type Object
	The method jsonPath(String, Object...) from the type MockMvcResultMatchers refers to the missing type String
	The method value(Object) from the type JsonPathResultMatchers refers to the missing type Object
	Exception cannot be resolved to a type
	The method id(String) from the type Room.RoomBuilder refers to the missing type String
	The method name(String) from the type Room.RoomBuilder refers to the missing type String
	HashSet cannot be resolved to a type
	Collections cannot be resolved
	The method getRoomById(String) from the type RoomService refers to the missing type Optional
	The type java.util.Optional cannot be resolved. It is indirectly referenced from required type org.mockito.junit.jupiter.MockitoExtension
	Optional cannot be resolved
	The method get(URI) from the type MockMvcRequestBuilders refers to the missing type URI
	The method user(String) from the type SecurityMockMvcRequestPostProcessors refers to the missing type String
	The method jsonPath(String, Object...) from the type MockMvcResultMatchers refers to the missing type String
	The method value(Object) from the type JsonPathResultMatchers refers to the missing type Object
	The method jsonPath(String, Object...) from the type MockMvcResultMatchers refers to the missing type String
	The method value(Object) from the type JsonPathResultMatchers refers to the missing type Object
	Exception cannot be resolved to a type
	The method id(String) from the type Room.RoomBuilder refers to the missing type String
	The method name(String) from the type Room.RoomBuilder refers to the missing type String
	HashSet cannot be resolved to a type
	Collections cannot be resolved
	The method getRoomById(String) from the type RoomService refers to the missing type Optional
	Optional cannot be resolved
	The method get(URI) from the type MockMvcRequestBuilders refers to the missing type URI
	The method user(String) from the type SecurityMockMvcRequestPostProcessors refers to the missing type String
	The method jsonPath(String, Object...) from the type MockMvcResultMatchers refers to the missing type String
	The method value(Object) from the type JsonPathResultMatchers refers to the missing type Object
	Exception cannot be resolved to a type
	The method id(String) from the type Room.RoomBuilder refers to the missing type String
	The method name(String) from the type Room.RoomBuilder refers to the missing type String
	HashSet cannot be resolved to a type
	Arrays cannot be resolved
	The method userId(String) from the type UserPresenceDto.UserPresenceDtoBuilder refers to the missing type String
	The method username(String) from the type UserPresenceDto.UserPresenceDtoBuilder refers to the missing type String
	The method userId(String) from the type UserPresenceDto.UserPresenceDtoBuilder refers to the missing type String
	The method username(String) from the type UserPresenceDto.UserPresenceDtoBuilder refers to the missing type String
	The method when(T) from the type Mockito refers to the missing type Object
	The method isMember(String, String) from the type RoomService refers to the missing type String
	The method getRoomById(String) from the type RoomService refers to the missing type Optional
	Optional cannot be resolved
	The method getUserPresence(String) from the type PresenceService refers to the missing type String
	The method getUserPresence(String) from the type PresenceService refers to the missing type String
	Exception cannot be resolved to a type

	at com.syncstream.controller.RoomControllerTest.<init>(RoomControllerTest.java:1)
	at java.base/java.lang.reflect.Constructor.newInstanceWithCaller(Constructor.java:502)
	at java.base/java.lang.reflect.Constructor.newInstance(Constructor.java:486)
	at java.base/java.util.Optional.orElseGet(Optional.java:364)
	at java.base/java.util.ArrayList.forEach(ArrayList.java:1596)
	at java.base/java.util.ArrayList.forEach(ArrayList.java:1596)

[ERROR] com.syncstream.controller.RoomControllerTest.testGetRoomPresence_Success -- Time elapsed: 0.001 s <<< ERROR!
java.lang.Error: 
Unresolved compilation problems: 
	The type java.lang.annotation.ElementType cannot be resolved. It is indirectly referenced from required type org.springframework.lang.Nullable
	The type java.util.List cannot be resolved. It is indirectly referenced from required type org.junit.jupiter.api.Assertions
	The type java.util.Map cannot be resolved. It is indirectly referenced from required type org.mockito.ArgumentMatchers
	The type java.lang.annotation.Documented cannot be resolved. It is indirectly referenced from required type org.springframework.test.web.servlet.request.package-info
	The type java.lang.annotation.RetentionPolicy cannot be resolved. It is indirectly referenced from required type org.springframework.test.web.servlet.request.package-info
	The type java.lang.annotation.Retention cannot be resolved. It is indirectly referenced from required type org.springframework.test.web.servlet.request.package-info
	The import java.time.Instant cannot be resolved
	Implicit super constructor Object() is undefined for default constructor. Must define an explicit constructor
	The method id(String) from the type User.UserBuilder refers to the missing type String
	The method username(String) from the type User.UserBuilder refers to the missing type String
	Exception cannot be resolved to a type
	Map cannot be resolved to a type
	String cannot be resolved to a type
	String cannot be resolved to a type
	HashMap cannot be resolved to a type
	The method id(String) from the type Room.RoomBuilder refers to the missing type String
	The method name(String) from the type Room.RoomBuilder refers to the missing type String
	The method description(String) from the type Room.RoomBuilder refers to the missing type String
	The method ownerId(String) from the type Room.RoomBuilder refers to the missing type String
	HashSet cannot be resolved to a type
	Collections cannot be resolved
	Instant cannot be resolved
	The method anyString() from the type ArgumentMatchers refers to the missing type String
	The method anyString() from the type ArgumentMatchers refers to the missing type String
	The method anyString() from the type ArgumentMatchers refers to the missing type String
	The method post(URI) from the type MockMvcRequestBuilders refers to the missing type URI
	The method user(String) from the type SecurityMockMvcRequestPostProcessors refers to the missing type String
	The method jsonPath(String, Object...) from the type MockMvcResultMatchers refers to the missing type String
	The method value(Object) from the type JsonPathResultMatchers refers to the missing type Object
	The method jsonPath(String, Object...) from the type MockMvcResultMatchers refers to the missing type String
	The method value(Object) from the type JsonPathResultMatchers refers to the missing type Object
	The method jsonPath(String, Object...) from the type MockMvcResultMatchers refers to the missing type String
	The method value(Object) from the type JsonPathResultMatchers refers to the missing type Object
	Exception cannot be resolved to a type
	Map cannot be resolved to a type
	String cannot be resolved to a type
	String cannot be resolved to a type
	HashMap cannot be resolved to a type
	The method post(URI) from the type MockMvcRequestBuilders refers to the missing type URI
	The method user(String) from the type SecurityMockMvcRequestPostProcessors refers to the missing type String
	The method jsonPath(String, Object...) from the type MockMvcResultMatchers refers to the missing type String
	The method value(Object) from the type JsonPathResultMatchers refers to the missing type Object
	Exception cannot be resolved to a type
	The method id(String) from the type Room.RoomBuilder refers to the missing type String
	The method name(String) from the type Room.RoomBuilder refers to the missing type String
	The method id(String) from the type Room.RoomBuilder refers to the missing type String
	The method name(String) from the type Room.RoomBuilder refers to the missing type String
	List cannot be resolved to a type
	Arrays cannot be resolved
	The method getAllRooms() from the type RoomService refers to the missing type List
	The method get(URI) from the type MockMvcRequestBuilders refers to the missing type URI
	The method user(String) from the type SecurityMockMvcRequestPostProcessors refers to the missing type String
	The type java.lang.Integer cannot be resolved. It is indirectly referenced from required type org.junit.jupiter.api.Assertions
	The method jsonPath(String, Object...) from the type MockMvcResultMatchers refers to the missing type String
	The method value(Matcher<? super T>) from the type JsonPathResultMatchers refers to the missing type Object
	The method jsonPath(String, Object...) from the type MockMvcResultMatchers refers to the missing type String
	The method value(Object) from the type JsonPathResultMatchers refers to the missing type Object
	The method jsonPath(String, Object...) from the type MockMvcResultMatchers refers to the missing type String
	The method value(Object) from the type JsonPathResultMatchers refers to the missing type Object
	Exception cannot be resolved to a type
	The method id(String) from the type Room.RoomBuilder refers to the missing type String
	The method name(String) from the type Room.RoomBuilder refers to the missing type String
	HashSet cannot be resolved to a type
	Collections cannot be resolved
	The method getRoomById(String) from the type RoomService refers to the missing type Optional
	The type java.util.Optional cannot be resolved. It is indirectly referenced from required type org.mockito.junit.jupiter.MockitoExtension
	Optional cannot be resolved
	The method get(URI) from the type MockMvcRequestBuilders refers to the missing type URI
	The method user(String) from the type SecurityMockMvcRequestPostProcessors refers to the missing type String
	The method jsonPath(String, Object...) from the type MockMvcResultMatchers refers to the missing type String
	The method value(Object) from the type JsonPathResultMatchers refers to the missing type Object
	The method jsonPath(String, Object...) from the type MockMvcResultMatchers refers to the missing type String
	The method value(Object) from the type JsonPathResultMatchers refers to the missing type Object
	Exception cannot be resolved to a type
	The method id(String) from the type Room.RoomBuilder refers to the missing type String
	The method name(String) from the type Room.RoomBuilder refers to the missing type String
	HashSet cannot be resolved to a type
	Collections cannot be resolved
	The method getRoomById(String) from the type RoomService refers to the missing type Optional
	Optional cannot be resolved
	The method get(URI) from the type MockMvcRequestBuilders refers to the missing type URI
	The method user(String) from the type SecurityMockMvcRequestPostProcessors refers to the missing type String
	The method jsonPath(String, Object...) from the type MockMvcResultMatchers refers to the missing type String
	The method value(Object) from the type JsonPathResultMatchers refers to the missing type Object
	Exception cannot be resolved to a type
	The method id(String) from the type Room.RoomBuilder refers to the missing type String
	The method name(String) from the type Room.RoomBuilder refers to the missing type String
	HashSet cannot be resolved to a type
	Arrays cannot be resolved
	The method userId(String) from the type UserPresenceDto.UserPresenceDtoBuilder refers to the missing type String
	The method username(String) from the type UserPresenceDto.UserPresenceDtoBuilder refers to the missing type String
	The method userId(String) from the type UserPresenceDto.UserPresenceDtoBuilder refers to the missing type String
	The method username(String) from the type UserPresenceDto.UserPresenceDtoBuilder refers to the missing type String
	The method when(T) from the type Mockito refers to the missing type Object
	The method isMember(String, String) from the type RoomService refers to the missing type String
	The method getRoomById(String) from the type RoomService refers to the missing type Optional
	Optional cannot be resolved
	The method getUserPresence(String) from the type PresenceService refers to the missing type String
	The method getUserPresence(String) from the type PresenceService refers to the missing type String
	Exception cannot be resolved to a type

	at com.syncstream.controller.RoomControllerTest.<init>(RoomControllerTest.java:1)
	at java.base/java.lang.reflect.Constructor.newInstanceWithCaller(Constructor.java:502)
	at java.base/java.lang.reflect.Constructor.newInstance(Constructor.java:486)
	at java.base/java.util.Optional.orElseGet(Optional.java:364)
	at java.base/java.util.ArrayList.forEach(ArrayList.java:1596)
	at java.base/java.util.ArrayList.forEach(ArrayList.java:1596)

[ERROR] com.syncstream.controller.RoomControllerTest.testCreateRoom_EmptyName -- Time elapsed: 0.001 s <<< ERROR!
java.lang.Error: 
Unresolved compilation problems: 
	The type java.lang.annotation.ElementType cannot be resolved. It is indirectly referenced from required type org.springframework.lang.Nullable
	The type java.util.List cannot be resolved. It is indirectly referenced from required type org.junit.jupiter.api.Assertions
	The type java.util.Map cannot be resolved. It is indirectly referenced from required type org.mockito.ArgumentMatchers
	The type java.lang.annotation.Documented cannot be resolved. It is indirectly referenced from required type org.springframework.test.web.servlet.request.package-info
	The type java.lang.annotation.RetentionPolicy cannot be resolved. It is indirectly referenced from required type org.springframework.test.web.servlet.request.package-info
	The type java.lang.annotation.Retention cannot be resolved. It is indirectly referenced from required type org.springframework.test.web.servlet.request.package-info
	The import java.time.Instant cannot be resolved
	Implicit super constructor Object() is undefined for default constructor. Must define an explicit constructor
	The method id(String) from the type User.UserBuilder refers to the missing type String
	The method username(String) from the type User.UserBuilder refers to the missing type String
	Exception cannot be resolved to a type
	Map cannot be resolved to a type
	String cannot be resolved to a type
	String cannot be resolved to a type
	HashMap cannot be resolved to a type
	The method id(String) from the type Room.RoomBuilder refers to the missing type String
	The method name(String) from the type Room.RoomBuilder refers to the missing type String
	The method description(String) from the type Room.RoomBuilder refers to the missing type String
	The method ownerId(String) from the type Room.RoomBuilder refers to the missing type String
	HashSet cannot be resolved to a type
	Collections cannot be resolved
	Instant cannot be resolved
	The method anyString() from the type ArgumentMatchers refers to the missing type String
	The method anyString() from the type ArgumentMatchers refers to the missing type String
	The method anyString() from the type ArgumentMatchers refers to the missing type String
	The method post(URI) from the type MockMvcRequestBuilders refers to the missing type URI
	The method user(String) from the type SecurityMockMvcRequestPostProcessors refers to the missing type String
	The method jsonPath(String, Object...) from the type MockMvcResultMatchers refers to the missing type String
	The method value(Object) from the type JsonPathResultMatchers refers to the missing type Object
	The method jsonPath(String, Object...) from the type MockMvcResultMatchers refers to the missing type String
	The method value(Object) from the type JsonPathResultMatchers refers to the missing type Object
	The method jsonPath(String, Object...) from the type MockMvcResultMatchers refers to the missing type String
	The method value(Object) from the type JsonPathResultMatchers refers to the missing type Object
	Exception cannot be resolved to a type
	Map cannot be resolved to a type
	String cannot be resolved to a type
	String cannot be resolved to a type
	HashMap cannot be resolved to a type
	The method post(URI) from the type MockMvcRequestBuilders refers to the missing type URI
	The method user(String) from the type SecurityMockMvcRequestPostProcessors refers to the missing type String
	The method jsonPath(String, Object...) from the type MockMvcResultMatchers refers to the missing type String
	The method value(Object) from the type JsonPathResultMatchers refers to the missing type Object
	Exception cannot be resolved to a type
	The method id(String) from the type Room.RoomBuilder refers to the missing type String
	The method name(String) from the type Room.RoomBuilder refers to the missing type String
	The method id(String) from the type Room.RoomBuilder refers to the missing type String
	The method name(String) from the type Room.RoomBuilder refers to the missing type String
	List cannot be resolved to a type
	Arrays cannot be resolved
	The method getAllRooms() from the type RoomService refers to the missing type List
	The method get(URI) from the type MockMvcRequestBuilders refers to the missing type URI
	The method user(String) from the type SecurityMockMvcRequestPostProcessors refers to the missing type String
	The type java.lang.Integer cannot be resolved. It is indirectly referenced from required type org.junit.jupiter.api.Assertions
	The method jsonPath(String, Object...) from the type MockMvcResultMatchers refers to the missing type String
	The method value(Matcher<? super T>) from the type JsonPathResultMatchers refers to the missing type Object
	The method jsonPath(String, Object...) from the type MockMvcResultMatchers refers to the missing type String
	The method value(Object) from the type JsonPathResultMatchers refers to the missing type Object
	The method jsonPath(String, Object...) from the type MockMvcResultMatchers refers to the missing type String
	The method value(Object) from the type JsonPathResultMatchers refers to the missing type Object
	Exception cannot be resolved to a type
	The method id(String) from the type Room.RoomBuilder refers to the missing type String
	The method name(String) from the type Room.RoomBuilder refers to the missing type String
	HashSet cannot be resolved to a type
	Collections cannot be resolved
	The method getRoomById(String) from the type RoomService refers to the missing type Optional
	The type java.util.Optional cannot be resolved. It is indirectly referenced from required type org.mockito.junit.jupiter.MockitoExtension
	Optional cannot be resolved
	The method get(URI) from the type MockMvcRequestBuilders refers to the missing type URI
	The method user(String) from the type SecurityMockMvcRequestPostProcessors refers to the missing type String
	The method jsonPath(String, Object...) from the type MockMvcResultMatchers refers to the missing type String
	The method value(Object) from the type JsonPathResultMatchers refers to the missing type Object
	The method jsonPath(String, Object...) from the type MockMvcResultMatchers refers to the missing type String
	The method value(Object) from the type JsonPathResultMatchers refers to the missing type Object
	Exception cannot be resolved to a type
	The method id(String) from the type Room.RoomBuilder refers to the missing type String
	The method name(String) from the type Room.RoomBuilder refers to the missing type String
	HashSet cannot be resolved to a type
	Collections cannot be resolved
	The method getRoomById(String) from the type RoomService refers to the missing type Optional
	Optional cannot be resolved
	The method get(URI) from the type MockMvcRequestBuilders refers to the missing type URI
	The method user(String) from the type SecurityMockMvcRequestPostProcessors refers to the missing type String
	The method jsonPath(String, Object...) from the type MockMvcResultMatchers refers to the missing type String
	The method value(Object) from the type JsonPathResultMatchers refers to the missing type Object
	Exception cannot be resolved to a type
	The method id(String) from the type Room.RoomBuilder refers to the missing type String
	The method name(String) from the type Room.RoomBuilder refers to the missing type String
	HashSet cannot be resolved to a type
	Arrays cannot be resolved
	The method userId(String) from the type UserPresenceDto.UserPresenceDtoBuilder refers to the missing type String
	The method username(String) from the type UserPresenceDto.UserPresenceDtoBuilder refers to the missing type String
	The method userId(String) from the type UserPresenceDto.UserPresenceDtoBuilder refers to the missing type String
	The method username(String) from the type UserPresenceDto.UserPresenceDtoBuilder refers to the missing type String
	The method when(T) from the type Mockito refers to the missing type Object
	The method isMember(String, String) from the type RoomService refers to the missing type String
	The method getRoomById(String) from the type RoomService refers to the missing type Optional
	Optional cannot be resolved
	The method getUserPresence(String) from the type PresenceService refers to the missing type String
	The method getUserPresence(String) from the type PresenceService refers to the missing type String
	Exception cannot be resolved to a type

	at com.syncstream.controller.RoomControllerTest.<init>(RoomControllerTest.java:1)
	at java.base/java.lang.reflect.Constructor.newInstanceWithCaller(Constructor.java:502)
	at java.base/java.lang.reflect.Constructor.newInstance(Constructor.java:486)
	at java.base/java.util.Optional.orElseGet(Optional.java:364)
	at java.base/java.util.ArrayList.forEach(ArrayList.java:1596)
	at java.base/java.util.ArrayList.forEach(ArrayList.java:1596)

[ERROR] com.syncstream.controller.RoomControllerTest.testGetRoomById_Forbidden -- Time elapsed: 0.001 s <<< ERROR!
java.lang.Error: 
Unresolved compilation problems: 
	The type java.lang.annotation.ElementType cannot be resolved. It is indirectly referenced from required type org.springframework.lang.Nullable
	The type java.util.List cannot be resolved. It is indirectly referenced from required type org.junit.jupiter.api.Assertions
	The type java.util.Map cannot be resolved. It is indirectly referenced from required type org.mockito.ArgumentMatchers
	The type java.lang.annotation.Documented cannot be resolved. It is indirectly referenced from required type org.springframework.test.web.servlet.request.package-info
	The type java.lang.annotation.RetentionPolicy cannot be resolved. It is indirectly referenced from required type org.springframework.test.web.servlet.request.package-info
	The type java.lang.annotation.Retention cannot be resolved. It is indirectly referenced from required type org.springframework.test.web.servlet.request.package-info
	The import java.time.Instant cannot be resolved
	Implicit super constructor Object() is undefined for default constructor. Must define an explicit constructor
	The method id(String) from the type User.UserBuilder refers to the missing type String
	The method username(String) from the type User.UserBuilder refers to the missing type String
	Exception cannot be resolved to a type
	Map cannot be resolved to a type
	String cannot be resolved to a type
	String cannot be resolved to a type
	HashMap cannot be resolved to a type
	The method id(String) from the type Room.RoomBuilder refers to the missing type String
	The method name(String) from the type Room.RoomBuilder refers to the missing type String
	The method description(String) from the type Room.RoomBuilder refers to the missing type String
	The method ownerId(String) from the type Room.RoomBuilder refers to the missing type String
	HashSet cannot be resolved to a type
	Collections cannot be resolved
	Instant cannot be resolved
	The method anyString() from the type ArgumentMatchers refers to the missing type String
	The method anyString() from the type ArgumentMatchers refers to the missing type String
	The method anyString() from the type ArgumentMatchers refers to the missing type String
	The method post(URI) from the type MockMvcRequestBuilders refers to the missing type URI
	The method user(String) from the type SecurityMockMvcRequestPostProcessors refers to the missing type String
	The method jsonPath(String, Object...) from the type MockMvcResultMatchers refers to the missing type String
	The method value(Object) from the type JsonPathResultMatchers refers to the missing type Object
	The method jsonPath(String, Object...) from the type MockMvcResultMatchers refers to the missing type String
	The method value(Object) from the type JsonPathResultMatchers refers to the missing type Object
	The method jsonPath(String, Object...) from the type MockMvcResultMatchers refers to the missing type String
	The method value(Object) from the type JsonPathResultMatchers refers to the missing type Object
	Exception cannot be resolved to a type
	Map cannot be resolved to a type
	String cannot be resolved to a type
	String cannot be resolved to a type
	HashMap cannot be resolved to a type
	The method post(URI) from the type MockMvcRequestBuilders refers to the missing type URI
	The method user(String) from the type SecurityMockMvcRequestPostProcessors refers to the missing type String
	The method jsonPath(String, Object...) from the type MockMvcResultMatchers refers to the missing type String
	The method value(Object) from the type JsonPathResultMatchers refers to the missing type Object
	Exception cannot be resolved to a type
	The method id(String) from the type Room.RoomBuilder refers to the missing type String
	The method name(String) from the type Room.RoomBuilder refers to the missing type String
	The method id(String) from the type Room.RoomBuilder refers to the missing type String
	The method name(String) from the type Room.RoomBuilder refers to the missing type String
	List cannot be resolved to a type
	Arrays cannot be resolved
	The method getAllRooms() from the type RoomService refers to the missing type List
	The method get(URI) from the type MockMvcRequestBuilders refers to the missing type URI
	The method user(String) from the type SecurityMockMvcRequestPostProcessors refers to the missing type String
	The type java.lang.Integer cannot be resolved. It is indirectly referenced from required type org.junit.jupiter.api.Assertions
	The method jsonPath(String, Object...) from the type MockMvcResultMatchers refers to the missing type String
	The method value(Matcher<? super T>) from the type JsonPathResultMatchers refers to the missing type Object
	The method jsonPath(String, Object...) from the type MockMvcResultMatchers refers to the missing type String
	The method value(Object) from the type JsonPathResultMatchers refers to the missing type Object
	The method jsonPath(String, Object...) from the type MockMvcResultMatchers refers to the missing type String
	The method value(Object) from the type JsonPathResultMatchers refers to the missing type Object
	Exception cannot be resolved to a type
	The method id(String) from the type Room.RoomBuilder refers to the missing type String
	The method name(String) from the type Room.RoomBuilder refers to the missing type String
	HashSet cannot be resolved to a type
	Collections cannot be resolved
	The method getRoomById(String) from the type RoomService refers to the missing type Optional
	The type java.util.Optional cannot be resolved. It is indirectly referenced from required type org.mockito.junit.jupiter.MockitoExtension
	Optional cannot be resolved
	The method get(URI) from the type MockMvcRequestBuilders refers to the missing type URI
	The method user(String) from the type SecurityMockMvcRequestPostProcessors refers to the missing type String
	The method jsonPath(String, Object...) from the type MockMvcResultMatchers refers to the missing type String
	The method value(Object) from the type JsonPathResultMatchers refers to the missing type Object
	The method jsonPath(String, Object...) from the type MockMvcResultMatchers refers to the missing type String
	The method value(Object) from the type JsonPathResultMatchers refers to the missing type Object
	Exception cannot be resolved to a type
	The method id(String) from the type Room.RoomBuilder refers to the missing type String
	The method name(String) from the type Room.RoomBuilder refers to the missing type String
	HashSet cannot be resolved to a type
	Collections cannot be resolved
	The method getRoomById(String) from the type RoomService refers to the missing type Optional
	Optional cannot be resolved
	The method get(URI) from the type MockMvcRequestBuilders refers to the missing type URI
	The method user(String) from the type SecurityMockMvcRequestPostProcessors refers to the missing type String
	The method jsonPath(String, Object...) from the type MockMvcResultMatchers refers to the missing type String
	The method value(Object) from the type JsonPathResultMatchers refers to the missing type Object
	Exception cannot be resolved to a type
	The method id(String) from the type Room.RoomBuilder refers to the missing type String
	The method name(String) from the type Room.RoomBuilder refers to the missing type String
	HashSet cannot be resolved to a type
	Arrays cannot be resolved
	The method userId(String) from the type UserPresenceDto.UserPresenceDtoBuilder refers to the missing type String
	The method username(String) from the type UserPresenceDto.UserPresenceDtoBuilder refers to the missing type String
	The method userId(String) from the type UserPresenceDto.UserPresenceDtoBuilder refers to the missing type String
	The method username(String) from the type UserPresenceDto.UserPresenceDtoBuilder refers to the missing type String
	The method when(T) from the type Mockito refers to the missing type Object
	The method isMember(String, String) from the type RoomService refers to the missing type String
	The method getRoomById(String) from the type RoomService refers to the missing type Optional
	Optional cannot be resolved
	The method getUserPresence(String) from the type PresenceService refers to the missing type String
	The method getUserPresence(String) from the type PresenceService refers to the missing type String
	Exception cannot be resolved to a type

	at com.syncstream.controller.RoomControllerTest.<init>(RoomControllerTest.java:1)
	at java.base/java.lang.reflect.Constructor.newInstanceWithCaller(Constructor.java:502)
	at java.base/java.lang.reflect.Constructor.newInstance(Constructor.java:486)
	at java.base/java.util.Optional.orElseGet(Optional.java:364)
	at java.base/java.util.ArrayList.forEach(ArrayList.java:1596)
	at java.base/java.util.ArrayList.forEach(ArrayList.java:1596)

[INFO] Running com.syncstream.service.MessageServiceTest
[ERROR] Tests run: 1, Failures: 0, Errors: 1, Skipped: 0, Time elapsed: 0.016 s <<< FAILURE! -- in com.syncstream.service.MessageServiceTest
[ERROR] com.syncstream.service.MessageServiceTest.testSaveMessage -- Time elapsed: 0.002 s <<< ERROR!
java.lang.Error: 
Unresolved compilation problems: 
	The import java.util.Optional cannot be resolved
	Implicit super constructor Object() is undefined for default constructor. Must define an explicit constructor
	String cannot be resolved to a type
	Object cannot be resolved to a type
	String cannot be resolved to a type
	Object cannot be resolved to a type
	The method id(String) from the type User.UserBuilder refers to the missing type String
	The method username(String) from the type User.UserBuilder refers to the missing type String
	The method roomId(String) from the type Message.MessageBuilder refers to the missing type String
	The method senderId(String) from the type Message.MessageBuilder refers to the missing type String
	The method senderName(String) from the type Message.MessageBuilder refers to the missing type String
	The method content(String) from the type Message.MessageBuilder refers to the missing type String
	The method sequenceNumber(Long) from the type Message.MessageBuilder refers to the missing type Long
	The method findById(String) is undefined for the type UserRepository
	Optional cannot be resolved
	String cannot be resolved to a type
	Object cannot be resolved to a type
	String cannot be resolved to a type
	Object cannot be resolved to a type
	String cannot be resolved to a type
	Object cannot be resolved to a type
	The method anyString() from the type ArgumentMatchers refers to the missing type String
	The method any(Class<T>) from the type ArgumentMatchers refers to the missing type Object
	The method setContent(String) from the type ChatMessageRequest refers to the missing type String
	The method setMessageType(String) from the type ChatMessageRequest refers to the missing type String
	The method saveMessage(String, String, ChatMessageRequest) from the type MessageService refers to the missing type String
	The method assertNotNull(Object) from the type Assertions refers to the missing type Object
	The method getSequenceNumber() from the type Message refers to the missing type Long
	The method getSenderName() from the type Message refers to the missing type String
	The method any(Class<T>) from the type ArgumentMatchers refers to the missing type Object

	at com.syncstream.service.MessageServiceTest.<init>(MessageServiceTest.java:17)
	at java.base/java.lang.reflect.Constructor.newInstanceWithCaller(Constructor.java:502)
	at java.base/java.lang.reflect.Constructor.newInstance(Constructor.java:486)
	at java.base/java.util.Optional.orElseGet(Optional.java:364)
	at java.base/java.util.ArrayList.forEach(ArrayList.java:1596)
	at java.base/java.util.ArrayList.forEach(ArrayList.java:1596)

[INFO] Running com.syncstream.service.RoomServiceTest
[ERROR] Tests run: 3, Failures: 0, Errors: 3, Skipped: 0, Time elapsed: 0.017 s <<< FAILURE! -- in com.syncstream.service.RoomServiceTest
[ERROR] com.syncstream.service.RoomServiceTest.testDeleteRoom_Forbidden -- Time elapsed: 0.004 s <<< ERROR!
java.lang.Error: 
Unresolved compilation problems: 
	The import java.util.Optional cannot be resolved
	Implicit super constructor Object() is undefined for default constructor. Must define an explicit constructor
	The method id(String) from the type Room.RoomBuilder refers to the missing type String
	The method name(String) from the type Room.RoomBuilder refers to the missing type String
	The method description(String) from the type Room.RoomBuilder refers to the missing type String
	The method ownerId(String) from the type Room.RoomBuilder refers to the missing type String
	The method when(T) from the type Mockito refers to the missing type Object
	The method existsByName(String) from the type RoomRepository refers to the missing type String
	The method any(Class<T>) from the type ArgumentMatchers refers to the missing type Object
	The method createRoom(String, String, String) from the type RoomService refers to the missing type String
	The method assertNotNull(Object) from the type Assertions refers to the missing type Object
	The method getName() from the type Room refers to the missing type String
	The method any(Class<T>) from the type ArgumentMatchers refers to the missing type Object
	The method findById(String) is undefined for the type RoomRepository
	Optional cannot be resolved
	The method deleteRoom(String, String) from the type RoomService refers to the missing type String
	The method delete(Room) is undefined for the type RoomRepository
	The method findById(String) is undefined for the type RoomRepository
	Optional cannot be resolved
	The method assertThrows(Class<T>, Executable) from the type Assertions refers to the missing type Throwable
	SecurityException cannot be resolved to a type
	This lambda expression refers to the missing type Throwable
	The method deleteRoom(String, String) from the type RoomService refers to the missing type String
	The method any(Class<T>) from the type ArgumentMatchers refers to the missing type Object

	at com.syncstream.service.RoomServiceTest.<init>(RoomServiceTest.java:12)
	at java.base/java.lang.reflect.Constructor.newInstanceWithCaller(Constructor.java:502)
	at java.base/java.lang.reflect.Constructor.newInstance(Constructor.java:486)
	at java.base/java.util.Optional.orElseGet(Optional.java:364)
	at java.base/java.util.ArrayList.forEach(ArrayList.java:1596)
	at java.base/java.util.ArrayList.forEach(ArrayList.java:1596)

[ERROR] com.syncstream.service.RoomServiceTest.testDeleteRoom_Success -- Time elapsed: 0.003 s <<< ERROR!
java.lang.Error: 
Unresolved compilation problems: 
	The import java.util.Optional cannot be resolved
	Implicit super constructor Object() is undefined for default constructor. Must define an explicit constructor
	The method id(String) from the type Room.RoomBuilder refers to the missing type String
	The method name(String) from the type Room.RoomBuilder refers to the missing type String
	The method description(String) from the type Room.RoomBuilder refers to the missing type String
	The method ownerId(String) from the type Room.RoomBuilder refers to the missing type String
	The method when(T) from the type Mockito refers to the missing type Object
	The method existsByName(String) from the type RoomRepository refers to the missing type String
	The method any(Class<T>) from the type ArgumentMatchers refers to the missing type Object
	The method createRoom(String, String, String) from the type RoomService refers to the missing type String
	The method assertNotNull(Object) from the type Assertions refers to the missing type Object
	The method getName() from the type Room refers to the missing type String
	The method any(Class<T>) from the type ArgumentMatchers refers to the missing type Object
	The method findById(String) is undefined for the type RoomRepository
	Optional cannot be resolved
	The method deleteRoom(String, String) from the type RoomService refers to the missing type String
	The method delete(Room) is undefined for the type RoomRepository
	The method findById(String) is undefined for the type RoomRepository
	Optional cannot be resolved
	The method assertThrows(Class<T>, Executable) from the type Assertions refers to the missing type Throwable
	SecurityException cannot be resolved to a type
	This lambda expression refers to the missing type Throwable
	The method deleteRoom(String, String) from the type RoomService refers to the missing type String
	The method any(Class<T>) from the type ArgumentMatchers refers to the missing type Object

	at com.syncstream.service.RoomServiceTest.<init>(RoomServiceTest.java:12)
	at java.base/java.lang.reflect.Constructor.newInstanceWithCaller(Constructor.java:502)
	at java.base/java.lang.reflect.Constructor.newInstance(Constructor.java:486)
	at java.base/java.util.Optional.orElseGet(Optional.java:364)
	at java.base/java.util.ArrayList.forEach(ArrayList.java:1596)
	at java.base/java.util.ArrayList.forEach(ArrayList.java:1596)

[ERROR] com.syncstream.service.RoomServiceTest.testCreateRoom -- Time elapsed: 0.001 s <<< ERROR!
java.lang.Error: 
Unresolved compilation problems: 
	The import java.util.Optional cannot be resolved
	Implicit super constructor Object() is undefined for default constructor. Must define an explicit constructor
	The method id(String) from the type Room.RoomBuilder refers to the missing type String
	The method name(String) from the type Room.RoomBuilder refers to the missing type String
	The method description(String) from the type Room.RoomBuilder refers to the missing type String
	The method ownerId(String) from the type Room.RoomBuilder refers to the missing type String
	The method when(T) from the type Mockito refers to the missing type Object
	The method existsByName(String) from the type RoomRepository refers to the missing type String
	The method any(Class<T>) from the type ArgumentMatchers refers to the missing type Object
	The method createRoom(String, String, String) from the type RoomService refers to the missing type String
	The method assertNotNull(Object) from the type Assertions refers to the missing type Object
	The method getName() from the type Room refers to the missing type String
	The method any(Class<T>) from the type ArgumentMatchers refers to the missing type Object
	The method findById(String) is undefined for the type RoomRepository
	Optional cannot be resolved
	The method deleteRoom(String, String) from the type RoomService refers to the missing type String
	The method delete(Room) is undefined for the type RoomRepository
	The method findById(String) is undefined for the type RoomRepository
	Optional cannot be resolved
	The method assertThrows(Class<T>, Executable) from the type Assertions refers to the missing type Throwable
	SecurityException cannot be resolved to a type
	This lambda expression refers to the missing type Throwable
	The method deleteRoom(String, String) from the type RoomService refers to the missing type String
	The method any(Class<T>) from the type ArgumentMatchers refers to the missing type Object

	at com.syncstream.service.RoomServiceTest.<init>(RoomServiceTest.java:12)
	at java.base/java.lang.reflect.Constructor.newInstanceWithCaller(Constructor.java:502)
	at java.base/java.lang.reflect.Constructor.newInstance(Constructor.java:486)
	at java.base/java.util.Optional.orElseGet(Optional.java:364)
	at java.base/java.util.ArrayList.forEach(ArrayList.java:1596)
	at java.base/java.util.ArrayList.forEach(ArrayList.java:1596)

[INFO] 
[INFO] Results:
[INFO] 
[ERROR] Errors: 
[ERROR]   AuthControllerTest.<init>:1  Unresolved compilation problems: 
	The type java.lang.Object cannot be resolved. It is indirectly referenced from required .class files
	The import java.time.Instant cannot be resolved
	Implicit super constructor Object() is undefined for default constructor. Must define an explicit constructor
	Exception cannot be resolved to a type
	The method setUsername(String) from the type RegisterRequest refers to the missing type String
	The method setPassword(String) from the type RegisterRequest refers to the missing type String
	The method when(T) from the type Mockito refers to the missing type Object
	The method existsByUsername(String) from the type UserRepository refers to the missing type String
	The method encode(CharSequence) from the type PasswordEncoder refers to the missing type String
	The method mock(Class<T>) from the type Mockito refers to the missing type Object
	The method any(Class<T>) from the type ArgumentMatchers refers to the missing type Object
	The method generateToken(Authentication) from the type JwtTokenProvider refers to the missing type String
	The method post(URI) from the type MockMvcRequestBuilders refers to the missing type URI
	The method writeValueAsString(Object) from the type ObjectMapper refers to the missing type String
	The method jsonPath(String, Object...) from the type MockMvcResultMatchers refers to the missing type String
	The method value(Object) from the type JsonPathResultMatchers refers to the missing type Object
	The method jsonPath(String, Object...) from the type MockMvcResultMatchers refers to the missing type String
	The method value(Object) from the type JsonPathResultMatchers refers to the missing type Object
	The method any(Class<T>) from the type ArgumentMatchers refers to the missing type Object
	Exception cannot be resolved to a type
	The method setUsername(String) from the type RegisterRequest refers to the missing type String
	The method setPassword(String) from the type RegisterRequest refers to the missing type String
	The method when(T) from the type Mockito refers to the missing type Object
	The method existsByUsername(String) from the type UserRepository refers to the missing type String
	The method post(URI) from the type MockMvcRequestBuilders refers to the missing type URI
	The method writeValueAsString(Object) from the type ObjectMapper refers to the missing type String
	The method jsonPath(String, Object...) from the type MockMvcResultMatchers refers to the missing type String
	The method value(Object) from the type JsonPathResultMatchers refers to the missing type Object
	The method any(Class<T>) from the type ArgumentMatchers refers to the missing type Object
	Exception cannot be resolved to a type
	The method setUsername(String) from the type RegisterRequest refers to the missing type String
	The method setPassword(String) from the type RegisterRequest refers to the missing type String
	The method post(URI) from the type MockMvcRequestBuilders refers to the missing type URI
	The method writeValueAsString(Object) from the type ObjectMapper refers to the missing type String
	Exception cannot be resolved to a type
	The method setUsername(String) from the type LoginRequest refers to the missing type String
	The method setPassword(String) from the type LoginRequest refers to the missing type String
	The method id(String) from the type User.UserBuilder refers to the missing type String
	The method username(String) from the type User.UserBuilder refers to the missing type String
	The method mock(Class<T>) from the type Mockito refers to the missing type Object
	The method getPrincipal() from the type Authentication refers to the missing type Object
	The method any(Class<T>) from the type ArgumentMatchers refers to the missing type Object
	The method generateToken(Authentication) from the type JwtTokenProvider refers to the missing type String
	The method post(URI) from the type MockMvcRequestBuilders refers to the missing type URI
	The method writeValueAsString(Object) from the type ObjectMapper refers to the missing type String
	The method jsonPath(String, Object...) from the type MockMvcResultMatchers refers to the missing type String
	The method value(Object) from the type JsonPathResultMatchers refers to the missing type Object
	The method jsonPath(String, Object...) from the type MockMvcResultMatchers refers to the missing type String
	The method value(Object) from the type JsonPathResultMatchers refers to the missing type Object
	The method jsonPath(String, Object...) from the type MockMvcResultMatchers refers to the missing type String
	The method value(Object) from the type JsonPathResultMatchers refers to the missing type Object
	Exception cannot be resolved to a type
	The method id(String) from the type User.UserBuilder refers to the missing type String
	The method username(String) from the type User.UserBuilder refers to the missing type String
	Instant cannot be resolved
	The method get(URI) from the type MockMvcRequestBuilders refers to the missing type URI
	The method user(String) from the type SecurityMockMvcRequestPostProcessors refers to the missing type String
	The method jsonPath(String, Object...) from the type MockMvcResultMatchers refers to the missing type String
	The method value(Object) from the type JsonPathResultMatchers refers to the missing type Object
	The method jsonPath(String, Object...) from the type MockMvcResultMatchers refers to the missing type String
	The method value(Object) from the type JsonPathResultMatchers refers to the missing type Object
	The method jsonPath(String, Object...) from the type MockMvcResultMatchers refers to the missing type String
	The method value(Object) from the type JsonPathResultMatchers refers to the missing type Object
	Exception cannot be resolved to a type
	The method get(URI) from the type MockMvcRequestBuilders refers to the missing type URI

[ERROR]   AuthControllerTest.<init>:1  Unresolved compilation problems: 
	The type java.lang.Object cannot be resolved. It is indirectly referenced from required .class files
	The import java.time.Instant cannot be resolved
	Implicit super constructor Object() is undefined for default constructor. Must define an explicit constructor
	Exception cannot be resolved to a type
	The method setUsername(String) from the type RegisterRequest refers to the missing type String
	The method setPassword(String) from the type RegisterRequest refers to the missing type String
	The method when(T) from the type Mockito refers to the missing type Object
	The method existsByUsername(String) from the type UserRepository refers to the missing type String
	The method encode(CharSequence) from the type PasswordEncoder refers to the missing type String
	The method mock(Class<T>) from the type Mockito refers to the missing type Object
	The method any(Class<T>) from the type ArgumentMatchers refers to the missing type Object
	The method generateToken(Authentication) from the type JwtTokenProvider refers to the missing type String
	The method post(URI) from the type MockMvcRequestBuilders refers to the missing type URI
	The method writeValueAsString(Object) from the type ObjectMapper refers to the missing type String
	The method jsonPath(String, Object...) from the type MockMvcResultMatchers refers to the missing type String
	The method value(Object) from the type JsonPathResultMatchers refers to the missing type Object
	The method jsonPath(String, Object...) from the type MockMvcResultMatchers refers to the missing type String
	The method value(Object) from the type JsonPathResultMatchers refers to the missing type Object
	The method any(Class<T>) from the type ArgumentMatchers refers to the missing type Object
	Exception cannot be resolved to a type
	The method setUsername(String) from the type RegisterRequest refers to the missing type String
	The method setPassword(String) from the type RegisterRequest refers to the missing type String
	The method when(T) from the type Mockito refers to the missing type Object
	The method existsByUsername(String) from the type UserRepository refers to the missing type String
	The method post(URI) from the type MockMvcRequestBuilders refers to the missing type URI
	The method writeValueAsString(Object) from the type ObjectMapper refers to the missing type String
	The method jsonPath(String, Object...) from the type MockMvcResultMatchers refers to the missing type String
	The method value(Object) from the type JsonPathResultMatchers refers to the missing type Object
	The method any(Class<T>) from the type ArgumentMatchers refers to the missing type Object
	Exception cannot be resolved to a type
	The method setUsername(String) from the type RegisterRequest refers to the missing type String
	The method setPassword(String) from the type RegisterRequest refers to the missing type String
	The method post(URI) from the type MockMvcRequestBuilders refers to the missing type URI
	The method writeValueAsString(Object) from the type ObjectMapper refers to the missing type String
	Exception cannot be resolved to a type
	The method setUsername(String) from the type LoginRequest refers to the missing type String
	The method setPassword(String) from the type LoginRequest refers to the missing type String
	The method id(String) from the type User.UserBuilder refers to the missing type String
	The method username(String) from the type User.UserBuilder refers to the missing type String
	The method mock(Class<T>) from the type Mockito refers to the missing type Object
	The method getPrincipal() from the type Authentication refers to the missing type Object
	The method any(Class<T>) from the type ArgumentMatchers refers to the missing type Object
	The method generateToken(Authentication) from the type JwtTokenProvider refers to the missing type String
	The method post(URI) from the type MockMvcRequestBuilders refers to the missing type URI
	The method writeValueAsString(Object) from the type ObjectMapper refers to the missing type String
	The method jsonPath(String, Object...) from the type MockMvcResultMatchers refers to the missing type String
	The method value(Object) from the type JsonPathResultMatchers refers to the missing type Object
	The method jsonPath(String, Object...) from the type MockMvcResultMatchers refers to the missing type String
	The method value(Object) from the type JsonPathResultMatchers refers to the missing type Object
	The method jsonPath(String, Object...) from the type MockMvcResultMatchers refers to the missing type String
	The method value(Object) from the type JsonPathResultMatchers refers to the missing type Object
	Exception cannot be resolved to a type
	The method id(String) from the type User.UserBuilder refers to the missing type String
	The method username(String) from the type User.UserBuilder refers to the missing type String
	Instant cannot be resolved
	The method get(URI) from the type MockMvcRequestBuilders refers to the missing type URI
	The method user(String) from the type SecurityMockMvcRequestPostProcessors refers to the missing type String
	The method jsonPath(String, Object...) from the type MockMvcResultMatchers refers to the missing type String
	The method value(Object) from the type JsonPathResultMatchers refers to the missing type Object
	The method jsonPath(String, Object...) from the type MockMvcResultMatchers refers to the missing type String
	The method value(Object) from the type JsonPathResultMatchers refers to the missing type Object
	The method jsonPath(String, Object...) from the type MockMvcResultMatchers refers to the missing type String
	The method value(Object) from the type JsonPathResultMatchers refers to the missing type Object
	Exception cannot be resolved to a type
	The method get(URI) from the type MockMvcRequestBuilders refers to the missing type URI

[ERROR]   AuthControllerTest.<init>:1  Unresolved compilation problems: 
	The type java.lang.Object cannot be resolved. It is indirectly referenced from required .class files
	The import java.time.Instant cannot be resolved
	Implicit super constructor Object() is undefined for default constructor. Must define an explicit constructor
	Exception cannot be resolved to a type
	The method setUsername(String) from the type RegisterRequest refers to the missing type String
	The method setPassword(String) from the type RegisterRequest refers to the missing type String
	The method when(T) from the type Mockito refers to the missing type Object
	The method existsByUsername(String) from the type UserRepository refers to the missing type String
	The method encode(CharSequence) from the type PasswordEncoder refers to the missing type String
	The method mock(Class<T>) from the type Mockito refers to the missing type Object
	The method any(Class<T>) from the type ArgumentMatchers refers to the missing type Object
	The method generateToken(Authentication) from the type JwtTokenProvider refers to the missing type String
	The method post(URI) from the type MockMvcRequestBuilders refers to the missing type URI
	The method writeValueAsString(Object) from the type ObjectMapper refers to the missing type String
	The method jsonPath(String, Object...) from the type MockMvcResultMatchers refers to the missing type String
	The method value(Object) from the type JsonPathResultMatchers refers to the missing type Object
	The method jsonPath(String, Object...) from the type MockMvcResultMatchers refers to the missing type String
	The method value(Object) from the type JsonPathResultMatchers refers to the missing type Object
	The method any(Class<T>) from the type ArgumentMatchers refers to the missing type Object
	Exception cannot be resolved to a type
	The method setUsername(String) from the type RegisterRequest refers to the missing type String
	The method setPassword(String) from the type RegisterRequest refers to the missing type String
	The method when(T) from the type Mockito refers to the missing type Object
	The method existsByUsername(String) from the type UserRepository refers to the missing type String
	The method post(URI) from the type MockMvcRequestBuilders refers to the missing type URI
	The method writeValueAsString(Object) from the type ObjectMapper refers to the missing type String
	The method jsonPath(String, Object...) from the type MockMvcResultMatchers refers to the missing type String
	The method value(Object) from the type JsonPathResultMatchers refers to the missing type Object
	The method any(Class<T>) from the type ArgumentMatchers refers to the missing type Object
	Exception cannot be resolved to a type
	The method setUsername(String) from the type RegisterRequest refers to the missing type String
	The method setPassword(String) from the type RegisterRequest refers to the missing type String
	The method post(URI) from the type MockMvcRequestBuilders refers to the missing type URI
	The method writeValueAsString(Object) from the type ObjectMapper refers to the missing type String
	Exception cannot be resolved to a type
	The method setUsername(String) from the type LoginRequest refers to the missing type String
	The method setPassword(String) from the type LoginRequest refers to the missing type String
	The method id(String) from the type User.UserBuilder refers to the missing type String
	The method username(String) from the type User.UserBuilder refers to the missing type String
	The method mock(Class<T>) from the type Mockito refers to the missing type Object
	The method getPrincipal() from the type Authentication refers to the missing type Object
	The method any(Class<T>) from the type ArgumentMatchers refers to the missing type Object
	The method generateToken(Authentication) from the type JwtTokenProvider refers to the missing type String
	The method post(URI) from the type MockMvcRequestBuilders refers to the missing type URI
	The method writeValueAsString(Object) from the type ObjectMapper refers to the missing type String
	The method jsonPath(String, Object...) from the type MockMvcResultMatchers refers to the missing type String
	The method value(Object) from the type JsonPathResultMatchers refers to the missing type Object
	The method jsonPath(String, Object...) from the type MockMvcResultMatchers refers to the missing type String
	The method value(Object) from the type JsonPathResultMatchers refers to the missing type Object
	The method jsonPath(String, Object...) from the type MockMvcResultMatchers refers to the missing type String
	The method value(Object) from the type JsonPathResultMatchers refers to the missing type Object
	Exception cannot be resolved to a type
	The method id(String) from the type User.UserBuilder refers to the missing type String
	The method username(String) from the type User.UserBuilder refers to the missing type String
	Instant cannot be resolved
	The method get(URI) from the type MockMvcRequestBuilders refers to the missing type URI
	The method user(String) from the type SecurityMockMvcRequestPostProcessors refers to the missing type String
	The method jsonPath(String, Object...) from the type MockMvcResultMatchers refers to the missing type String
	The method value(Object) from the type JsonPathResultMatchers refers to the missing type Object
	The method jsonPath(String, Object...) from the type MockMvcResultMatchers refers to the missing type String
	The method value(Object) from the type JsonPathResultMatchers refers to the missing type Object
	The method jsonPath(String, Object...) from the type MockMvcResultMatchers refers to the missing type String
	The method value(Object) from the type JsonPathResultMatchers refers to the missing type Object
	Exception cannot be resolved to a type
	The method get(URI) from the type MockMvcRequestBuilders refers to the missing type URI

[ERROR]   AuthControllerTest.<init>:1  Unresolved compilation problems: 
	The type java.lang.Object cannot be resolved. It is indirectly referenced from required .class files
	The import java.time.Instant cannot be resolved
	Implicit super constructor Object() is undefined for default constructor. Must define an explicit constructor
	Exception cannot be resolved to a type
	The method setUsername(String) from the type RegisterRequest refers to the missing type String
	The method setPassword(String) from the type RegisterRequest refers to the missing type String
	The method when(T) from the type Mockito refers to the missing type Object
	The method existsByUsername(String) from the type UserRepository refers to the missing type String
	The method encode(CharSequence) from the type PasswordEncoder refers to the missing type String
	The method mock(Class<T>) from the type Mockito refers to the missing type Object
	The method any(Class<T>) from the type ArgumentMatchers refers to the missing type Object
	The method generateToken(Authentication) from the type JwtTokenProvider refers to the missing type String
	The method post(URI) from the type MockMvcRequestBuilders refers to the missing type URI
	The method writeValueAsString(Object) from the type ObjectMapper refers to the missing type String
	The method jsonPath(String, Object...) from the type MockMvcResultMatchers refers to the missing type String
	The method value(Object) from the type JsonPathResultMatchers refers to the missing type Object
	The method jsonPath(String, Object...) from the type MockMvcResultMatchers refers to the missing type String
	The method value(Object) from the type JsonPathResultMatchers refers to the missing type Object
	The method any(Class<T>) from the type ArgumentMatchers refers to the missing type Object
	Exception cannot be resolved to a type
	The method setUsername(String) from the type RegisterRequest refers to the missing type String
	The method setPassword(String) from the type RegisterRequest refers to the missing type String
	The method when(T) from the type Mockito refers to the missing type Object
	The method existsByUsername(String) from the type UserRepository refers to the missing type String
	The method post(URI) from the type MockMvcRequestBuilders refers to the missing type URI
	The method writeValueAsString(Object) from the type ObjectMapper refers to the missing type String
	The method jsonPath(String, Object...) from the type MockMvcResultMatchers refers to the missing type String
	The method value(Object) from the type JsonPathResultMatchers refers to the missing type Object
	The method any(Class<T>) from the type ArgumentMatchers refers to the missing type Object
	Exception cannot be resolved to a type
	The method setUsername(String) from the type RegisterRequest refers to the missing type String
	The method setPassword(String) from the type RegisterRequest refers to the missing type String
	The method post(URI) from the type MockMvcRequestBuilders refers to the missing type URI
	The method writeValueAsString(Object) from the type ObjectMapper refers to the missing type String
	Exception cannot be resolved to a type
	The method setUsername(String) from the type LoginRequest refers to the missing type String
	The method setPassword(String) from the type LoginRequest refers to the missing type String
	The method id(String) from the type User.UserBuilder refers to the missing type String
	The method username(String) from the type User.UserBuilder refers to the missing type String
	The method mock(Class<T>) from the type Mockito refers to the missing type Object
	The method getPrincipal() from the type Authentication refers to the missing type Object
	The method any(Class<T>) from the type ArgumentMatchers refers to the missing type Object
	The method generateToken(Authentication) from the type JwtTokenProvider refers to the missing type String
	The method post(URI) from the type MockMvcRequestBuilders refers to the missing type URI
	The method writeValueAsString(Object) from the type ObjectMapper refers to the missing type String
	The method jsonPath(String, Object...) from the type MockMvcResultMatchers refers to the missing type String
	The method value(Object) from the type JsonPathResultMatchers refers to the missing type Object
	The method jsonPath(String, Object...) from the type MockMvcResultMatchers refers to the missing type String
	The method value(Object) from the type JsonPathResultMatchers refers to the missing type Object
	The method jsonPath(String, Object...) from the type MockMvcResultMatchers refers to the missing type String
	The method value(Object) from the type JsonPathResultMatchers refers to the missing type Object
	Exception cannot be resolved to a type
	The method id(String) from the type User.UserBuilder refers to the missing type String
	The method username(String) from the type User.UserBuilder refers to the missing type String
	Instant cannot be resolved
	The method get(URI) from the type MockMvcRequestBuilders refers to the missing type URI
	The method user(String) from the type SecurityMockMvcRequestPostProcessors refers to the missing type String
	The method jsonPath(String, Object...) from the type MockMvcResultMatchers refers to the missing type String
	The method value(Object) from the type JsonPathResultMatchers refers to the missing type Object
	The method jsonPath(String, Object...) from the type MockMvcResultMatchers refers to the missing type String
	The method value(Object) from the type JsonPathResultMatchers refers to the missing type Object
	The method jsonPath(String, Object...) from the type MockMvcResultMatchers refers to the missing type String
	The method value(Object) from the type JsonPathResultMatchers refers to the missing type Object
	Exception cannot be resolved to a type
	The method get(URI) from the type MockMvcRequestBuilders refers to the missing type URI

[ERROR]   AuthControllerTest.<init>:1  Unresolved compilation problems: 
	The type java.lang.Object cannot be resolved. It is indirectly referenced from required .class files
	The import java.time.Instant cannot be resolved
	Implicit super constructor Object() is undefined for default constructor. Must define an explicit constructor
	Exception cannot be resolved to a type
	The method setUsername(String) from the type RegisterRequest refers to the missing type String
	The method setPassword(String) from the type RegisterRequest refers to the missing type String
	The method when(T) from the type Mockito refers to the missing type Object
	The method existsByUsername(String) from the type UserRepository refers to the missing type String
	The method encode(CharSequence) from the type PasswordEncoder refers to the missing type String
	The method mock(Class<T>) from the type Mockito refers to the missing type Object
	The method any(Class<T>) from the type ArgumentMatchers refers to the missing type Object
	The method generateToken(Authentication) from the type JwtTokenProvider refers to the missing type String
	The method post(URI) from the type MockMvcRequestBuilders refers to the missing type URI
	The method writeValueAsString(Object) from the type ObjectMapper refers to the missing type String
	The method jsonPath(String, Object...) from the type MockMvcResultMatchers refers to the missing type String
	The method value(Object) from the type JsonPathResultMatchers refers to the missing type Object
	The method jsonPath(String, Object...) from the type MockMvcResultMatchers refers to the missing type String
	The method value(Object) from the type JsonPathResultMatchers refers to the missing type Object
	The method any(Class<T>) from the type ArgumentMatchers refers to the missing type Object
	Exception cannot be resolved to a type
	The method setUsername(String) from the type RegisterRequest refers to the missing type String
	The method setPassword(String) from the type RegisterRequest refers to the missing type String
	The method when(T) from the type Mockito refers to the missing type Object
	The method existsByUsername(String) from the type UserRepository refers to the missing type String
	The method post(URI) from the type MockMvcRequestBuilders refers to the missing type URI
	The method writeValueAsString(Object) from the type ObjectMapper refers to the missing type String
	The method jsonPath(String, Object...) from the type MockMvcResultMatchers refers to the missing type String
	The method value(Object) from the type JsonPathResultMatchers refers to the missing type Object
	The method any(Class<T>) from the type ArgumentMatchers refers to the missing type Object
	Exception cannot be resolved to a type
	The method setUsername(String) from the type RegisterRequest refers to the missing type String
	The method setPassword(String) from the type RegisterRequest refers to the missing type String
	The method post(URI) from the type MockMvcRequestBuilders refers to the missing type URI
	The method writeValueAsString(Object) from the type ObjectMapper refers to the missing type String
	Exception cannot be resolved to a type
	The method setUsername(String) from the type LoginRequest refers to the missing type String
	The method setPassword(String) from the type LoginRequest refers to the missing type String
	The method id(String) from the type User.UserBuilder refers to the missing type String
	The method username(String) from the type User.UserBuilder refers to the missing type String
	The method mock(Class<T>) from the type Mockito refers to the missing type Object
	The method getPrincipal() from the type Authentication refers to the missing type Object
	The method any(Class<T>) from the type ArgumentMatchers refers to the missing type Object
	The method generateToken(Authentication) from the type JwtTokenProvider refers to the missing type String
	The method post(URI) from the type MockMvcRequestBuilders refers to the missing type URI
	The method writeValueAsString(Object) from the type ObjectMapper refers to the missing type String
	The method jsonPath(String, Object...) from the type MockMvcResultMatchers refers to the missing type String
	The method value(Object) from the type JsonPathResultMatchers refers to the missing type Object
	The method jsonPath(String, Object...) from the type MockMvcResultMatchers refers to the missing type String
	The method value(Object) from the type JsonPathResultMatchers refers to the missing type Object
	The method jsonPath(String, Object...) from the type MockMvcResultMatchers refers to the missing type String
	The method value(Object) from the type JsonPathResultMatchers refers to the missing type Object
	Exception cannot be resolved to a type
	The method id(String) from the type User.UserBuilder refers to the missing type String
	The method username(String) from the type User.UserBuilder refers to the missing type String
	Instant cannot be resolved
	The method get(URI) from the type MockMvcRequestBuilders refers to the missing type URI
	The method user(String) from the type SecurityMockMvcRequestPostProcessors refers to the missing type String
	The method jsonPath(String, Object...) from the type MockMvcResultMatchers refers to the missing type String
	The method value(Object) from the type JsonPathResultMatchers refers to the missing type Object
	The method jsonPath(String, Object...) from the type MockMvcResultMatchers refers to the missing type String
	The method value(Object) from the type JsonPathResultMatchers refers to the missing type Object
	The method jsonPath(String, Object...) from the type MockMvcResultMatchers refers to the missing type String
	The method value(Object) from the type JsonPathResultMatchers refers to the missing type Object
	Exception cannot be resolved to a type
	The method get(URI) from the type MockMvcRequestBuilders refers to the missing type URI

[ERROR]   AuthControllerTest.<init>:1  Unresolved compilation problems: 
	The type java.lang.Object cannot be resolved. It is indirectly referenced from required .class files
	The import java.time.Instant cannot be resolved
	Implicit super constructor Object() is undefined for default constructor. Must define an explicit constructor
	Exception cannot be resolved to a type
	The method setUsername(String) from the type RegisterRequest refers to the missing type String
	The method setPassword(String) from the type RegisterRequest refers to the missing type String
	The method when(T) from the type Mockito refers to the missing type Object
	The method existsByUsername(String) from the type UserRepository refers to the missing type String
	The method encode(CharSequence) from the type PasswordEncoder refers to the missing type String
	The method mock(Class<T>) from the type Mockito refers to the missing type Object
	The method any(Class<T>) from the type ArgumentMatchers refers to the missing type Object
	The method generateToken(Authentication) from the type JwtTokenProvider refers to the missing type String
	The method post(URI) from the type MockMvcRequestBuilders refers to the missing type URI
	The method writeValueAsString(Object) from the type ObjectMapper refers to the missing type String
	The method jsonPath(String, Object...) from the type MockMvcResultMatchers refers to the missing type String
	The method value(Object) from the type JsonPathResultMatchers refers to the missing type Object
	The method jsonPath(String, Object...) from the type MockMvcResultMatchers refers to the missing type String
	The method value(Object) from the type JsonPathResultMatchers refers to the missing type Object
	The method any(Class<T>) from the type ArgumentMatchers refers to the missing type Object
	Exception cannot be resolved to a type
	The method setUsername(String) from the type RegisterRequest refers to the missing type String
	The method setPassword(String) from the type RegisterRequest refers to the missing type String
	The method when(T) from the type Mockito refers to the missing type Object
	The method existsByUsername(String) from the type UserRepository refers to the missing type String
	The method post(URI) from the type MockMvcRequestBuilders refers to the missing type URI
	The method writeValueAsString(Object) from the type ObjectMapper refers to the missing type String
	The method jsonPath(String, Object...) from the type MockMvcResultMatchers refers to the missing type String
	The method value(Object) from the type JsonPathResultMatchers refers to the missing type Object
	The method any(Class<T>) from the type ArgumentMatchers refers to the missing type Object
	Exception cannot be resolved to a type
	The method setUsername(String) from the type RegisterRequest refers to the missing type String
	The method setPassword(String) from the type RegisterRequest refers to the missing type String
	The method post(URI) from the type MockMvcRequestBuilders refers to the missing type URI
	The method writeValueAsString(Object) from the type ObjectMapper refers to the missing type String
	Exception cannot be resolved to a type
	The method setUsername(String) from the type LoginRequest refers to the missing type String
	The method setPassword(String) from the type LoginRequest refers to the missing type String
	The method id(String) from the type User.UserBuilder refers to the missing type String
	The method username(String) from the type User.UserBuilder refers to the missing type String
	The method mock(Class<T>) from the type Mockito refers to the missing type Object
	The method getPrincipal() from the type Authentication refers to the missing type Object
	The method any(Class<T>) from the type ArgumentMatchers refers to the missing type Object
	The method generateToken(Authentication) from the type JwtTokenProvider refers to the missing type String
	The method post(URI) from the type MockMvcRequestBuilders refers to the missing type URI
	The method writeValueAsString(Object) from the type ObjectMapper refers to the missing type String
	The method jsonPath(String, Object...) from the type MockMvcResultMatchers refers to the missing type String
	The method value(Object) from the type JsonPathResultMatchers refers to the missing type Object
	The method jsonPath(String, Object...) from the type MockMvcResultMatchers refers to the missing type String
	The method value(Object) from the type JsonPathResultMatchers refers to the missing type Object
	The method jsonPath(String, Object...) from the type MockMvcResultMatchers refers to the missing type String
	The method value(Object) from the type JsonPathResultMatchers refers to the missing type Object
	Exception cannot be resolved to a type
	The method id(String) from the type User.UserBuilder refers to the missing type String
	The method username(String) from the type User.UserBuilder refers to the missing type String
	Instant cannot be resolved
	The method get(URI) from the type MockMvcRequestBuilders refers to the missing type URI
	The method user(String) from the type SecurityMockMvcRequestPostProcessors refers to the missing type String
	The method jsonPath(String, Object...) from the type MockMvcResultMatchers refers to the missing type String
	The method value(Object) from the type JsonPathResultMatchers refers to the missing type Object
	The method jsonPath(String, Object...) from the type MockMvcResultMatchers refers to the missing type String
	The method value(Object) from the type JsonPathResultMatchers refers to the missing type Object
	The method jsonPath(String, Object...) from the type MockMvcResultMatchers refers to the missing type String
	The method value(Object) from the type JsonPathResultMatchers refers to the missing type Object
	Exception cannot be resolved to a type
	The method get(URI) from the type MockMvcRequestBuilders refers to the missing type URI

[ERROR]   HealthControllerTest.<init>:20  Unresolved compilation problems: 
	Implicit super constructor Object() is undefined for default constructor. Must define an explicit constructor
	Exception cannot be resolved to a type
	The method get(URI) from the type MockMvcRequestBuilders refers to the missing type URI
	The method jsonPath(String, Object...) from the type MockMvcResultMatchers refers to the missing type String
	The method value(Object) from the type JsonPathResultMatchers refers to the missing type Object
	The method jsonPath(String, Object...) from the type MockMvcResultMatchers refers to the missing type String
	The method value(Object) from the type JsonPathResultMatchers refers to the missing type Object

[ERROR]   RoomControllerTest.<init>:1  Unresolved compilation problems: 
	The type java.lang.annotation.ElementType cannot be resolved. It is indirectly referenced from required type org.springframework.lang.Nullable
	The type java.util.List cannot be resolved. It is indirectly referenced from required type org.junit.jupiter.api.Assertions
	The type java.util.Map cannot be resolved. It is indirectly referenced from required type org.mockito.ArgumentMatchers
	The type java.lang.annotation.Documented cannot be resolved. It is indirectly referenced from required type org.springframework.test.web.servlet.request.package-info
	The type java.lang.annotation.RetentionPolicy cannot be resolved. It is indirectly referenced from required type org.springframework.test.web.servlet.request.package-info
	The type java.lang.annotation.Retention cannot be resolved. It is indirectly referenced from required type org.springframework.test.web.servlet.request.package-info
	The import java.time.Instant cannot be resolved
	Implicit super constructor Object() is undefined for default constructor. Must define an explicit constructor
	The method id(String) from the type User.UserBuilder refers to the missing type String
	The method username(String) from the type User.UserBuilder refers to the missing type String
	Exception cannot be resolved to a type
	Map cannot be resolved to a type
	String cannot be resolved to a type
	String cannot be resolved to a type
	HashMap cannot be resolved to a type
	The method id(String) from the type Room.RoomBuilder refers to the missing type String
	The method name(String) from the type Room.RoomBuilder refers to the missing type String
	The method description(String) from the type Room.RoomBuilder refers to the missing type String
	The method ownerId(String) from the type Room.RoomBuilder refers to the missing type String
	HashSet cannot be resolved to a type
	Collections cannot be resolved
	Instant cannot be resolved
	The method anyString() from the type ArgumentMatchers refers to the missing type String
	The method anyString() from the type ArgumentMatchers refers to the missing type String
	The method anyString() from the type ArgumentMatchers refers to the missing type String
	The method post(URI) from the type MockMvcRequestBuilders refers to the missing type URI
	The method user(String) from the type SecurityMockMvcRequestPostProcessors refers to the missing type String
	The method jsonPath(String, Object...) from the type MockMvcResultMatchers refers to the missing type String
	The method value(Object) from the type JsonPathResultMatchers refers to the missing type Object
	The method jsonPath(String, Object...) from the type MockMvcResultMatchers refers to the missing type String
	The method value(Object) from the type JsonPathResultMatchers refers to the missing type Object
	The method jsonPath(String, Object...) from the type MockMvcResultMatchers refers to the missing type String
	The method value(Object) from the type JsonPathResultMatchers refers to the missing type Object
	Exception cannot be resolved to a type
	Map cannot be resolved to a type
	String cannot be resolved to a type
	String cannot be resolved to a type
	HashMap cannot be resolved to a type
	The method post(URI) from the type MockMvcRequestBuilders refers to the missing type URI
	The method user(String) from the type SecurityMockMvcRequestPostProcessors refers to the missing type String
	The method jsonPath(String, Object...) from the type MockMvcResultMatchers refers to the missing type String
	The method value(Object) from the type JsonPathResultMatchers refers to the missing type Object
	Exception cannot be resolved to a type
	The method id(String) from the type Room.RoomBuilder refers to the missing type String
	The method name(String) from the type Room.RoomBuilder refers to the missing type String
	The method id(String) from the type Room.RoomBuilder refers to the missing type String
	The method name(String) from the type Room.RoomBuilder refers to the missing type String
	List cannot be resolved to a type
	Arrays cannot be resolved
	The method getAllRooms() from the type RoomService refers to the missing type List
	The method get(URI) from the type MockMvcRequestBuilders refers to the missing type URI
	The method user(String) from the type SecurityMockMvcRequestPostProcessors refers to the missing type String
	The type java.lang.Integer cannot be resolved. It is indirectly referenced from required type org.junit.jupiter.api.Assertions
	The method jsonPath(String, Object...) from the type MockMvcResultMatchers refers to the missing type String
	The method value(Matcher<? super T>) from the type JsonPathResultMatchers refers to the missing type Object
	The method jsonPath(String, Object...) from the type MockMvcResultMatchers refers to the missing type String
	The method value(Object) from the type JsonPathResultMatchers refers to the missing type Object
	The method jsonPath(String, Object...) from the type MockMvcResultMatchers refers to the missing type String
	The method value(Object) from the type JsonPathResultMatchers refers to the missing type Object
	Exception cannot be resolved to a type
	The method id(String) from the type Room.RoomBuilder refers to the missing type String
	The method name(String) from the type Room.RoomBuilder refers to the missing type String
	HashSet cannot be resolved to a type
	Collections cannot be resolved
	The method getRoomById(String) from the type RoomService refers to the missing type Optional
	The type java.util.Optional cannot be resolved. It is indirectly referenced from required type org.mockito.junit.jupiter.MockitoExtension
	Optional cannot be resolved
	The method get(URI) from the type MockMvcRequestBuilders refers to the missing type URI
	The method user(String) from the type SecurityMockMvcRequestPostProcessors refers to the missing type String
	The method jsonPath(String, Object...) from the type MockMvcResultMatchers refers to the missing type String
	The method value(Object) from the type JsonPathResultMatchers refers to the missing type Object
	The method jsonPath(String, Object...) from the type MockMvcResultMatchers refers to the missing type String
	The method value(Object) from the type JsonPathResultMatchers refers to the missing type Object
	Exception cannot be resolved to a type
	The method id(String) from the type Room.RoomBuilder refers to the missing type String
	The method name(String) from the type Room.RoomBuilder refers to the missing type String
	HashSet cannot be resolved to a type
	Collections cannot be resolved
	The method getRoomById(String) from the type RoomService refers to the missing type Optional
	Optional cannot be resolved
	The method get(URI) from the type MockMvcRequestBuilders refers to the missing type URI
	The method user(String) from the type SecurityMockMvcRequestPostProcessors refers to the missing type String
	The method jsonPath(String, Object...) from the type MockMvcResultMatchers refers to the missing type String
	The method value(Object) from the type JsonPathResultMatchers refers to the missing type Object
	Exception cannot be resolved to a type
	The method id(String) from the type Room.RoomBuilder refers to the missing type String
	The method name(String) from the type Room.RoomBuilder refers to the missing type String
	HashSet cannot be resolved to a type
	Arrays cannot be resolved
	The method userId(String) from the type UserPresenceDto.UserPresenceDtoBuilder refers to the missing type String
	The method username(String) from the type UserPresenceDto.UserPresenceDtoBuilder refers to the missing type String
	The method userId(String) from the type UserPresenceDto.UserPresenceDtoBuilder refers to the missing type String
	The method username(String) from the type UserPresenceDto.UserPresenceDtoBuilder refers to the missing type String
	The method when(T) from the type Mockito refers to the missing type Object
	The method isMember(String, String) from the type RoomService refers to the missing type String
	The method getRoomById(String) from the type RoomService refers to the missing type Optional
	Optional cannot be resolved
	The method getUserPresence(String) from the type PresenceService refers to the missing type String
	The method getUserPresence(String) from the type PresenceService refers to the missing type String
	Exception cannot be resolved to a type

[ERROR]   RoomControllerTest.<init>:1  Unresolved compilation problems: 
	The type java.lang.annotation.ElementType cannot be resolved. It is indirectly referenced from required type org.springframework.lang.Nullable
	The type java.util.List cannot be resolved. It is indirectly referenced from required type org.junit.jupiter.api.Assertions
	The type java.util.Map cannot be resolved. It is indirectly referenced from required type org.mockito.ArgumentMatchers
	The type java.lang.annotation.Documented cannot be resolved. It is indirectly referenced from required type org.springframework.test.web.servlet.request.package-info
	The type java.lang.annotation.RetentionPolicy cannot be resolved. It is indirectly referenced from required type org.springframework.test.web.servlet.request.package-info
	The type java.lang.annotation.Retention cannot be resolved. It is indirectly referenced from required type org.springframework.test.web.servlet.request.package-info
	The import java.time.Instant cannot be resolved
	Implicit super constructor Object() is undefined for default constructor. Must define an explicit constructor
	The method id(String) from the type User.UserBuilder refers to the missing type String
	The method username(String) from the type User.UserBuilder refers to the missing type String
	Exception cannot be resolved to a type
	Map cannot be resolved to a type
	String cannot be resolved to a type
	String cannot be resolved to a type
	HashMap cannot be resolved to a type
	The method id(String) from the type Room.RoomBuilder refers to the missing type String
	The method name(String) from the type Room.RoomBuilder refers to the missing type String
	The method description(String) from the type Room.RoomBuilder refers to the missing type String
	The method ownerId(String) from the type Room.RoomBuilder refers to the missing type String
	HashSet cannot be resolved to a type
	Collections cannot be resolved
	Instant cannot be resolved
	The method anyString() from the type ArgumentMatchers refers to the missing type String
	The method anyString() from the type ArgumentMatchers refers to the missing type String
	The method anyString() from the type ArgumentMatchers refers to the missing type String
	The method post(URI) from the type MockMvcRequestBuilders refers to the missing type URI
	The method user(String) from the type SecurityMockMvcRequestPostProcessors refers to the missing type String
	The method jsonPath(String, Object...) from the type MockMvcResultMatchers refers to the missing type String
	The method value(Object) from the type JsonPathResultMatchers refers to the missing type Object
	The method jsonPath(String, Object...) from the type MockMvcResultMatchers refers to the missing type String
	The method value(Object) from the type JsonPathResultMatchers refers to the missing type Object
	The method jsonPath(String, Object...) from the type MockMvcResultMatchers refers to the missing type String
	The method value(Object) from the type JsonPathResultMatchers refers to the missing type Object
	Exception cannot be resolved to a type
	Map cannot be resolved to a type
	String cannot be resolved to a type
	String cannot be resolved to a type
	HashMap cannot be resolved to a type
	The method post(URI) from the type MockMvcRequestBuilders refers to the missing type URI
	The method user(String) from the type SecurityMockMvcRequestPostProcessors refers to the missing type String
	The method jsonPath(String, Object...) from the type MockMvcResultMatchers refers to the missing type String
	The method value(Object) from the type JsonPathResultMatchers refers to the missing type Object
	Exception cannot be resolved to a type
	The method id(String) from the type Room.RoomBuilder refers to the missing type String
	The method name(String) from the type Room.RoomBuilder refers to the missing type String
	The method id(String) from the type Room.RoomBuilder refers to the missing type String
	The method name(String) from the type Room.RoomBuilder refers to the missing type String
	List cannot be resolved to a type
	Arrays cannot be resolved
	The method getAllRooms() from the type RoomService refers to the missing type List
	The method get(URI) from the type MockMvcRequestBuilders refers to the missing type URI
	The method user(String) from the type SecurityMockMvcRequestPostProcessors refers to the missing type String
	The type java.lang.Integer cannot be resolved. It is indirectly referenced from required type org.junit.jupiter.api.Assertions
	The method jsonPath(String, Object...) from the type MockMvcResultMatchers refers to the missing type String
	The method value(Matcher<? super T>) from the type JsonPathResultMatchers refers to the missing type Object
	The method jsonPath(String, Object...) from the type MockMvcResultMatchers refers to the missing type String
	The method value(Object) from the type JsonPathResultMatchers refers to the missing type Object
	The method jsonPath(String, Object...) from the type MockMvcResultMatchers refers to the missing type String
	The method value(Object) from the type JsonPathResultMatchers refers to the missing type Object
	Exception cannot be resolved to a type
	The method id(String) from the type Room.RoomBuilder refers to the missing type String
	The method name(String) from the type Room.RoomBuilder refers to the missing type String
	HashSet cannot be resolved to a type
	Collections cannot be resolved
	The method getRoomById(String) from the type RoomService refers to the missing type Optional
	The type java.util.Optional cannot be resolved. It is indirectly referenced from required type org.mockito.junit.jupiter.MockitoExtension
	Optional cannot be resolved
	The method get(URI) from the type MockMvcRequestBuilders refers to the missing type URI
	The method user(String) from the type SecurityMockMvcRequestPostProcessors refers to the missing type String
	The method jsonPath(String, Object...) from the type MockMvcResultMatchers refers to the missing type String
	The method value(Object) from the type JsonPathResultMatchers refers to the missing type Object
	The method jsonPath(String, Object...) from the type MockMvcResultMatchers refers to the missing type String
	The method value(Object) from the type JsonPathResultMatchers refers to the missing type Object
	Exception cannot be resolved to a type
	The method id(String) from the type Room.RoomBuilder refers to the missing type String
	The method name(String) from the type Room.RoomBuilder refers to the missing type String
	HashSet cannot be resolved to a type
	Collections cannot be resolved
	The method getRoomById(String) from the type RoomService refers to the missing type Optional
	Optional cannot be resolved
	The method get(URI) from the type MockMvcRequestBuilders refers to the missing type URI
	The method user(String) from the type SecurityMockMvcRequestPostProcessors refers to the missing type String
	The method jsonPath(String, Object...) from the type MockMvcResultMatchers refers to the missing type String
	The method value(Object) from the type JsonPathResultMatchers refers to the missing type Object
	Exception cannot be resolved to a type
	The method id(String) from the type Room.RoomBuilder refers to the missing type String
	The method name(String) from the type Room.RoomBuilder refers to the missing type String
	HashSet cannot be resolved to a type
	Arrays cannot be resolved
	The method userId(String) from the type UserPresenceDto.UserPresenceDtoBuilder refers to the missing type String
	The method username(String) from the type UserPresenceDto.UserPresenceDtoBuilder refers to the missing type String
	The method userId(String) from the type UserPresenceDto.UserPresenceDtoBuilder refers to the missing type String
	The method username(String) from the type UserPresenceDto.UserPresenceDtoBuilder refers to the missing type String
	The method when(T) from the type Mockito refers to the missing type Object
	The method isMember(String, String) from the type RoomService refers to the missing type String
	The method getRoomById(String) from the type RoomService refers to the missing type Optional
	Optional cannot be resolved
	The method getUserPresence(String) from the type PresenceService refers to the missing type String
	The method getUserPresence(String) from the type PresenceService refers to the missing type String
	Exception cannot be resolved to a type

[ERROR]   RoomControllerTest.<init>:1  Unresolved compilation problems: 
	The type java.lang.annotation.ElementType cannot be resolved. It is indirectly referenced from required type org.springframework.lang.Nullable
	The type java.util.List cannot be resolved. It is indirectly referenced from required type org.junit.jupiter.api.Assertions
	The type java.util.Map cannot be resolved. It is indirectly referenced from required type org.mockito.ArgumentMatchers
	The type java.lang.annotation.Documented cannot be resolved. It is indirectly referenced from required type org.springframework.test.web.servlet.request.package-info
	The type java.lang.annotation.RetentionPolicy cannot be resolved. It is indirectly referenced from required type org.springframework.test.web.servlet.request.package-info
	The type java.lang.annotation.Retention cannot be resolved. It is indirectly referenced from required type org.springframework.test.web.servlet.request.package-info
	The import java.time.Instant cannot be resolved
	Implicit super constructor Object() is undefined for default constructor. Must define an explicit constructor
	The method id(String) from the type User.UserBuilder refers to the missing type String
	The method username(String) from the type User.UserBuilder refers to the missing type String
	Exception cannot be resolved to a type
	Map cannot be resolved to a type
	String cannot be resolved to a type
	String cannot be resolved to a type
	HashMap cannot be resolved to a type
	The method id(String) from the type Room.RoomBuilder refers to the missing type String
	The method name(String) from the type Room.RoomBuilder refers to the missing type String
	The method description(String) from the type Room.RoomBuilder refers to the missing type String
	The method ownerId(String) from the type Room.RoomBuilder refers to the missing type String
	HashSet cannot be resolved to a type
	Collections cannot be resolved
	Instant cannot be resolved
	The method anyString() from the type ArgumentMatchers refers to the missing type String
	The method anyString() from the type ArgumentMatchers refers to the missing type String
	The method anyString() from the type ArgumentMatchers refers to the missing type String
	The method post(URI) from the type MockMvcRequestBuilders refers to the missing type URI
	The method user(String) from the type SecurityMockMvcRequestPostProcessors refers to the missing type String
	The method jsonPath(String, Object...) from the type MockMvcResultMatchers refers to the missing type String
	The method value(Object) from the type JsonPathResultMatchers refers to the missing type Object
	The method jsonPath(String, Object...) from the type MockMvcResultMatchers refers to the missing type String
	The method value(Object) from the type JsonPathResultMatchers refers to the missing type Object
	The method jsonPath(String, Object...) from the type MockMvcResultMatchers refers to the missing type String
	The method value(Object) from the type JsonPathResultMatchers refers to the missing type Object
	Exception cannot be resolved to a type
	Map cannot be resolved to a type
	String cannot be resolved to a type
	String cannot be resolved to a type
	HashMap cannot be resolved to a type
	The method post(URI) from the type MockMvcRequestBuilders refers to the missing type URI
	The method user(String) from the type SecurityMockMvcRequestPostProcessors refers to the missing type String
	The method jsonPath(String, Object...) from the type MockMvcResultMatchers refers to the missing type String
	The method value(Object) from the type JsonPathResultMatchers refers to the missing type Object
	Exception cannot be resolved to a type
	The method id(String) from the type Room.RoomBuilder refers to the missing type String
	The method name(String) from the type Room.RoomBuilder refers to the missing type String
	The method id(String) from the type Room.RoomBuilder refers to the missing type String
	The method name(String) from the type Room.RoomBuilder refers to the missing type String
	List cannot be resolved to a type
	Arrays cannot be resolved
	The method getAllRooms() from the type RoomService refers to the missing type List
	The method get(URI) from the type MockMvcRequestBuilders refers to the missing type URI
	The method user(String) from the type SecurityMockMvcRequestPostProcessors refers to the missing type String
	The type java.lang.Integer cannot be resolved. It is indirectly referenced from required type org.junit.jupiter.api.Assertions
	The method jsonPath(String, Object...) from the type MockMvcResultMatchers refers to the missing type String
	The method value(Matcher<? super T>) from the type JsonPathResultMatchers refers to the missing type Object
	The method jsonPath(String, Object...) from the type MockMvcResultMatchers refers to the missing type String
	The method value(Object) from the type JsonPathResultMatchers refers to the missing type Object
	The method jsonPath(String, Object...) from the type MockMvcResultMatchers refers to the missing type String
	The method value(Object) from the type JsonPathResultMatchers refers to the missing type Object
	Exception cannot be resolved to a type
	The method id(String) from the type Room.RoomBuilder refers to the missing type String
	The method name(String) from the type Room.RoomBuilder refers to the missing type String
	HashSet cannot be resolved to a type
	Collections cannot be resolved
	The method getRoomById(String) from the type RoomService refers to the missing type Optional
	The type java.util.Optional cannot be resolved. It is indirectly referenced from required type org.mockito.junit.jupiter.MockitoExtension
	Optional cannot be resolved
	The method get(URI) from the type MockMvcRequestBuilders refers to the missing type URI
	The method user(String) from the type SecurityMockMvcRequestPostProcessors refers to the missing type String
	The method jsonPath(String, Object...) from the type MockMvcResultMatchers refers to the missing type String
	The method value(Object) from the type JsonPathResultMatchers refers to the missing type Object
	The method jsonPath(String, Object...) from the type MockMvcResultMatchers refers to the missing type String
	The method value(Object) from the type JsonPathResultMatchers refers to the missing type Object
	Exception cannot be resolved to a type
	The method id(String) from the type Room.RoomBuilder refers to the missing type String
	The method name(String) from the type Room.RoomBuilder refers to the missing type String
	HashSet cannot be resolved to a type
	Collections cannot be resolved
	The method getRoomById(String) from the type RoomService refers to the missing type Optional
	Optional cannot be resolved
	The method get(URI) from the type MockMvcRequestBuilders refers to the missing type URI
	The method user(String) from the type SecurityMockMvcRequestPostProcessors refers to the missing type String
	The method jsonPath(String, Object...) from the type MockMvcResultMatchers refers to the missing type String
	The method value(Object) from the type JsonPathResultMatchers refers to the missing type Object
	Exception cannot be resolved to a type
	The method id(String) from the type Room.RoomBuilder refers to the missing type String
	The method name(String) from the type Room.RoomBuilder refers to the missing type String
	HashSet cannot be resolved to a type
	Arrays cannot be resolved
	The method userId(String) from the type UserPresenceDto.UserPresenceDtoBuilder refers to the missing type String
	The method username(String) from the type UserPresenceDto.UserPresenceDtoBuilder refers to the missing type String
	The method userId(String) from the type UserPresenceDto.UserPresenceDtoBuilder refers to the missing type String
	The method username(String) from the type UserPresenceDto.UserPresenceDtoBuilder refers to the missing type String
	The method when(T) from the type Mockito refers to the missing type Object
	The method isMember(String, String) from the type RoomService refers to the missing type String
	The method getRoomById(String) from the type RoomService refers to the missing type Optional
	Optional cannot be resolved
	The method getUserPresence(String) from the type PresenceService refers to the missing type String
	The method getUserPresence(String) from the type PresenceService refers to the missing type String
	Exception cannot be resolved to a type

[ERROR]   RoomControllerTest.<init>:1  Unresolved compilation problems: 
	The type java.lang.annotation.ElementType cannot be resolved. It is indirectly referenced from required type org.springframework.lang.Nullable
	The type java.util.List cannot be resolved. It is indirectly referenced from required type org.junit.jupiter.api.Assertions
	The type java.util.Map cannot be resolved. It is indirectly referenced from required type org.mockito.ArgumentMatchers
	The type java.lang.annotation.Documented cannot be resolved. It is indirectly referenced from required type org.springframework.test.web.servlet.request.package-info
	The type java.lang.annotation.RetentionPolicy cannot be resolved. It is indirectly referenced from required type org.springframework.test.web.servlet.request.package-info
	The type java.lang.annotation.Retention cannot be resolved. It is indirectly referenced from required type org.springframework.test.web.servlet.request.package-info
	The import java.time.Instant cannot be resolved
	Implicit super constructor Object() is undefined for default constructor. Must define an explicit constructor
	The method id(String) from the type User.UserBuilder refers to the missing type String
	The method username(String) from the type User.UserBuilder refers to the missing type String
	Exception cannot be resolved to a type
	Map cannot be resolved to a type
	String cannot be resolved to a type
	String cannot be resolved to a type
	HashMap cannot be resolved to a type
	The method id(String) from the type Room.RoomBuilder refers to the missing type String
	The method name(String) from the type Room.RoomBuilder refers to the missing type String
	The method description(String) from the type Room.RoomBuilder refers to the missing type String
	The method ownerId(String) from the type Room.RoomBuilder refers to the missing type String
	HashSet cannot be resolved to a type
	Collections cannot be resolved
	Instant cannot be resolved
	The method anyString() from the type ArgumentMatchers refers to the missing type String
	The method anyString() from the type ArgumentMatchers refers to the missing type String
	The method anyString() from the type ArgumentMatchers refers to the missing type String
	The method post(URI) from the type MockMvcRequestBuilders refers to the missing type URI
	The method user(String) from the type SecurityMockMvcRequestPostProcessors refers to the missing type String
	The method jsonPath(String, Object...) from the type MockMvcResultMatchers refers to the missing type String
	The method value(Object) from the type JsonPathResultMatchers refers to the missing type Object
	The method jsonPath(String, Object...) from the type MockMvcResultMatchers refers to the missing type String
	The method value(Object) from the type JsonPathResultMatchers refers to the missing type Object
	The method jsonPath(String, Object...) from the type MockMvcResultMatchers refers to the missing type String
	The method value(Object) from the type JsonPathResultMatchers refers to the missing type Object
	Exception cannot be resolved to a type
	Map cannot be resolved to a type
	String cannot be resolved to a type
	String cannot be resolved to a type
	HashMap cannot be resolved to a type
	The method post(URI) from the type MockMvcRequestBuilders refers to the missing type URI
	The method user(String) from the type SecurityMockMvcRequestPostProcessors refers to the missing type String
	The method jsonPath(String, Object...) from the type MockMvcResultMatchers refers to the missing type String
	The method value(Object) from the type JsonPathResultMatchers refers to the missing type Object
	Exception cannot be resolved to a type
	The method id(String) from the type Room.RoomBuilder refers to the missing type String
	The method name(String) from the type Room.RoomBuilder refers to the missing type String
	The method id(String) from the type Room.RoomBuilder refers to the missing type String
	The method name(String) from the type Room.RoomBuilder refers to the missing type String
	List cannot be resolved to a type
	Arrays cannot be resolved
	The method getAllRooms() from the type RoomService refers to the missing type List
	The method get(URI) from the type MockMvcRequestBuilders refers to the missing type URI
	The method user(String) from the type SecurityMockMvcRequestPostProcessors refers to the missing type String
	The type java.lang.Integer cannot be resolved. It is indirectly referenced from required type org.junit.jupiter.api.Assertions
	The method jsonPath(String, Object...) from the type MockMvcResultMatchers refers to the missing type String
	The method value(Matcher<? super T>) from the type JsonPathResultMatchers refers to the missing type Object
	The method jsonPath(String, Object...) from the type MockMvcResultMatchers refers to the missing type String
	The method value(Object) from the type JsonPathResultMatchers refers to the missing type Object
	The method jsonPath(String, Object...) from the type MockMvcResultMatchers refers to the missing type String
	The method value(Object) from the type JsonPathResultMatchers refers to the missing type Object
	Exception cannot be resolved to a type
	The method id(String) from the type Room.RoomBuilder refers to the missing type String
	The method name(String) from the type Room.RoomBuilder refers to the missing type String
	HashSet cannot be resolved to a type
	Collections cannot be resolved
	The method getRoomById(String) from the type RoomService refers to the missing type Optional
	The type java.util.Optional cannot be resolved. It is indirectly referenced from required type org.mockito.junit.jupiter.MockitoExtension
	Optional cannot be resolved
	The method get(URI) from the type MockMvcRequestBuilders refers to the missing type URI
	The method user(String) from the type SecurityMockMvcRequestPostProcessors refers to the missing type String
	The method jsonPath(String, Object...) from the type MockMvcResultMatchers refers to the missing type String
	The method value(Object) from the type JsonPathResultMatchers refers to the missing type Object
	The method jsonPath(String, Object...) from the type MockMvcResultMatchers refers to the missing type String
	The method value(Object) from the type JsonPathResultMatchers refers to the missing type Object
	Exception cannot be resolved to a type
	The method id(String) from the type Room.RoomBuilder refers to the missing type String
	The method name(String) from the type Room.RoomBuilder refers to the missing type String
	HashSet cannot be resolved to a type
	Collections cannot be resolved
	The method getRoomById(String) from the type RoomService refers to the missing type Optional
	Optional cannot be resolved
	The method get(URI) from the type MockMvcRequestBuilders refers to the missing type URI
	The method user(String) from the type SecurityMockMvcRequestPostProcessors refers to the missing type String
	The method jsonPath(String, Object...) from the type MockMvcResultMatchers refers to the missing type String
	The method value(Object) from the type JsonPathResultMatchers refers to the missing type Object
	Exception cannot be resolved to a type
	The method id(String) from the type Room.RoomBuilder refers to the missing type String
	The method name(String) from the type Room.RoomBuilder refers to the missing type String
	HashSet cannot be resolved to a type
	Arrays cannot be resolved
	The method userId(String) from the type UserPresenceDto.UserPresenceDtoBuilder refers to the missing type String
	The method username(String) from the type UserPresenceDto.UserPresenceDtoBuilder refers to the missing type String
	The method userId(String) from the type UserPresenceDto.UserPresenceDtoBuilder refers to the missing type String
	The method username(String) from the type UserPresenceDto.UserPresenceDtoBuilder refers to the missing type String
	The method when(T) from the type Mockito refers to the missing type Object
	The method isMember(String, String) from the type RoomService refers to the missing type String
	The method getRoomById(String) from the type RoomService refers to the missing type Optional
	Optional cannot be resolved
	The method getUserPresence(String) from the type PresenceService refers to the missing type String
	The method getUserPresence(String) from the type PresenceService refers to the missing type String
	Exception cannot be resolved to a type

[ERROR]   RoomControllerTest.<init>:1  Unresolved compilation problems: 
	The type java.lang.annotation.ElementType cannot be resolved. It is indirectly referenced from required type org.springframework.lang.Nullable
	The type java.util.List cannot be resolved. It is indirectly referenced from required type org.junit.jupiter.api.Assertions
	The type java.util.Map cannot be resolved. It is indirectly referenced from required type org.mockito.ArgumentMatchers
	The type java.lang.annotation.Documented cannot be resolved. It is indirectly referenced from required type org.springframework.test.web.servlet.request.package-info
	The type java.lang.annotation.RetentionPolicy cannot be resolved. It is indirectly referenced from required type org.springframework.test.web.servlet.request.package-info
	The type java.lang.annotation.Retention cannot be resolved. It is indirectly referenced from required type org.springframework.test.web.servlet.request.package-info
	The import java.time.Instant cannot be resolved
	Implicit super constructor Object() is undefined for default constructor. Must define an explicit constructor
	The method id(String) from the type User.UserBuilder refers to the missing type String
	The method username(String) from the type User.UserBuilder refers to the missing type String
	Exception cannot be resolved to a type
	Map cannot be resolved to a type
	String cannot be resolved to a type
	String cannot be resolved to a type
	HashMap cannot be resolved to a type
	The method id(String) from the type Room.RoomBuilder refers to the missing type String
	The method name(String) from the type Room.RoomBuilder refers to the missing type String
	The method description(String) from the type Room.RoomBuilder refers to the missing type String
	The method ownerId(String) from the type Room.RoomBuilder refers to the missing type String
	HashSet cannot be resolved to a type
	Collections cannot be resolved
	Instant cannot be resolved
	The method anyString() from the type ArgumentMatchers refers to the missing type String
	The method anyString() from the type ArgumentMatchers refers to the missing type String
	The method anyString() from the type ArgumentMatchers refers to the missing type String
	The method post(URI) from the type MockMvcRequestBuilders refers to the missing type URI
	The method user(String) from the type SecurityMockMvcRequestPostProcessors refers to the missing type String
	The method jsonPath(String, Object...) from the type MockMvcResultMatchers refers to the missing type String
	The method value(Object) from the type JsonPathResultMatchers refers to the missing type Object
	The method jsonPath(String, Object...) from the type MockMvcResultMatchers refers to the missing type String
	The method value(Object) from the type JsonPathResultMatchers refers to the missing type Object
	The method jsonPath(String, Object...) from the type MockMvcResultMatchers refers to the missing type String
	The method value(Object) from the type JsonPathResultMatchers refers to the missing type Object
	Exception cannot be resolved to a type
	Map cannot be resolved to a type
	String cannot be resolved to a type
	String cannot be resolved to a type
	HashMap cannot be resolved to a type
	The method post(URI) from the type MockMvcRequestBuilders refers to the missing type URI
	The method user(String) from the type SecurityMockMvcRequestPostProcessors refers to the missing type String
	The method jsonPath(String, Object...) from the type MockMvcResultMatchers refers to the missing type String
	The method value(Object) from the type JsonPathResultMatchers refers to the missing type Object
	Exception cannot be resolved to a type
	The method id(String) from the type Room.RoomBuilder refers to the missing type String
	The method name(String) from the type Room.RoomBuilder refers to the missing type String
	The method id(String) from the type Room.RoomBuilder refers to the missing type String
	The method name(String) from the type Room.RoomBuilder refers to the missing type String
	List cannot be resolved to a type
	Arrays cannot be resolved
	The method getAllRooms() from the type RoomService refers to the missing type List
	The method get(URI) from the type MockMvcRequestBuilders refers to the missing type URI
	The method user(String) from the type SecurityMockMvcRequestPostProcessors refers to the missing type String
	The type java.lang.Integer cannot be resolved. It is indirectly referenced from required type org.junit.jupiter.api.Assertions
	The method jsonPath(String, Object...) from the type MockMvcResultMatchers refers to the missing type String
	The method value(Matcher<? super T>) from the type JsonPathResultMatchers refers to the missing type Object
	The method jsonPath(String, Object...) from the type MockMvcResultMatchers refers to the missing type String
	The method value(Object) from the type JsonPathResultMatchers refers to the missing type Object
	The method jsonPath(String, Object...) from the type MockMvcResultMatchers refers to the missing type String
	The method value(Object) from the type JsonPathResultMatchers refers to the missing type Object
	Exception cannot be resolved to a type
	The method id(String) from the type Room.RoomBuilder refers to the missing type String
	The method name(String) from the type Room.RoomBuilder refers to the missing type String
	HashSet cannot be resolved to a type
	Collections cannot be resolved
	The method getRoomById(String) from the type RoomService refers to the missing type Optional
	The type java.util.Optional cannot be resolved. It is indirectly referenced from required type org.mockito.junit.jupiter.MockitoExtension
	Optional cannot be resolved
	The method get(URI) from the type MockMvcRequestBuilders refers to the missing type URI
	The method user(String) from the type SecurityMockMvcRequestPostProcessors refers to the missing type String
	The method jsonPath(String, Object...) from the type MockMvcResultMatchers refers to the missing type String
	The method value(Object) from the type JsonPathResultMatchers refers to the missing type Object
	The method jsonPath(String, Object...) from the type MockMvcResultMatchers refers to the missing type String
	The method value(Object) from the type JsonPathResultMatchers refers to the missing type Object
	Exception cannot be resolved to a type
	The method id(String) from the type Room.RoomBuilder refers to the missing type String
	The method name(String) from the type Room.RoomBuilder refers to the missing type String
	HashSet cannot be resolved to a type
	Collections cannot be resolved
	The method getRoomById(String) from the type RoomService refers to the missing type Optional
	Optional cannot be resolved
	The method get(URI) from the type MockMvcRequestBuilders refers to the missing type URI
	The method user(String) from the type SecurityMockMvcRequestPostProcessors refers to the missing type String
	The method jsonPath(String, Object...) from the type MockMvcResultMatchers refers to the missing type String
	The method value(Object) from the type JsonPathResultMatchers refers to the missing type Object
	Exception cannot be resolved to a type
	The method id(String) from the type Room.RoomBuilder refers to the missing type String
	The method name(String) from the type Room.RoomBuilder refers to the missing type String
	HashSet cannot be resolved to a type
	Arrays cannot be resolved
	The method userId(String) from the type UserPresenceDto.UserPresenceDtoBuilder refers to the missing type String
	The method username(String) from the type UserPresenceDto.UserPresenceDtoBuilder refers to the missing type String
	The method userId(String) from the type UserPresenceDto.UserPresenceDtoBuilder refers to the missing type String
	The method username(String) from the type UserPresenceDto.UserPresenceDtoBuilder refers to the missing type String
	The method when(T) from the type Mockito refers to the missing type Object
	The method isMember(String, String) from the type RoomService refers to the missing type String
	The method getRoomById(String) from the type RoomService refers to the missing type Optional
	Optional cannot be resolved
	The method getUserPresence(String) from the type PresenceService refers to the missing type String
	The method getUserPresence(String) from the type PresenceService refers to the missing type String
	Exception cannot be resolved to a type

[ERROR]   RoomControllerTest.<init>:1  Unresolved compilation problems: 
	The type java.lang.annotation.ElementType cannot be resolved. It is indirectly referenced from required type org.springframework.lang.Nullable
	The type java.util.List cannot be resolved. It is indirectly referenced from required type org.junit.jupiter.api.Assertions
	The type java.util.Map cannot be resolved. It is indirectly referenced from required type org.mockito.ArgumentMatchers
	The type java.lang.annotation.Documented cannot be resolved. It is indirectly referenced from required type org.springframework.test.web.servlet.request.package-info
	The type java.lang.annotation.RetentionPolicy cannot be resolved. It is indirectly referenced from required type org.springframework.test.web.servlet.request.package-info
	The type java.lang.annotation.Retention cannot be resolved. It is indirectly referenced from required type org.springframework.test.web.servlet.request.package-info
	The import java.time.Instant cannot be resolved
	Implicit super constructor Object() is undefined for default constructor. Must define an explicit constructor
	The method id(String) from the type User.UserBuilder refers to the missing type String
	The method username(String) from the type User.UserBuilder refers to the missing type String
	Exception cannot be resolved to a type
	Map cannot be resolved to a type
	String cannot be resolved to a type
	String cannot be resolved to a type
	HashMap cannot be resolved to a type
	The method id(String) from the type Room.RoomBuilder refers to the missing type String
	The method name(String) from the type Room.RoomBuilder refers to the missing type String
	The method description(String) from the type Room.RoomBuilder refers to the missing type String
	The method ownerId(String) from the type Room.RoomBuilder refers to the missing type String
	HashSet cannot be resolved to a type
	Collections cannot be resolved
	Instant cannot be resolved
	The method anyString() from the type ArgumentMatchers refers to the missing type String
	The method anyString() from the type ArgumentMatchers refers to the missing type String
	The method anyString() from the type ArgumentMatchers refers to the missing type String
	The method post(URI) from the type MockMvcRequestBuilders refers to the missing type URI
	The method user(String) from the type SecurityMockMvcRequestPostProcessors refers to the missing type String
	The method jsonPath(String, Object...) from the type MockMvcResultMatchers refers to the missing type String
	The method value(Object) from the type JsonPathResultMatchers refers to the missing type Object
	The method jsonPath(String, Object...) from the type MockMvcResultMatchers refers to the missing type String
	The method value(Object) from the type JsonPathResultMatchers refers to the missing type Object
	The method jsonPath(String, Object...) from the type MockMvcResultMatchers refers to the missing type String
	The method value(Object) from the type JsonPathResultMatchers refers to the missing type Object
	Exception cannot be resolved to a type
	Map cannot be resolved to a type
	String cannot be resolved to a type
	String cannot be resolved to a type
	HashMap cannot be resolved to a type
	The method post(URI) from the type MockMvcRequestBuilders refers to the missing type URI
	The method user(String) from the type SecurityMockMvcRequestPostProcessors refers to the missing type String
	The method jsonPath(String, Object...) from the type MockMvcResultMatchers refers to the missing type String
	The method value(Object) from the type JsonPathResultMatchers refers to the missing type Object
	Exception cannot be resolved to a type
	The method id(String) from the type Room.RoomBuilder refers to the missing type String
	The method name(String) from the type Room.RoomBuilder refers to the missing type String
	The method id(String) from the type Room.RoomBuilder refers to the missing type String
	The method name(String) from the type Room.RoomBuilder refers to the missing type String
	List cannot be resolved to a type
	Arrays cannot be resolved
	The method getAllRooms() from the type RoomService refers to the missing type List
	The method get(URI) from the type MockMvcRequestBuilders refers to the missing type URI
	The method user(String) from the type SecurityMockMvcRequestPostProcessors refers to the missing type String
	The type java.lang.Integer cannot be resolved. It is indirectly referenced from required type org.junit.jupiter.api.Assertions
	The method jsonPath(String, Object...) from the type MockMvcResultMatchers refers to the missing type String
	The method value(Matcher<? super T>) from the type JsonPathResultMatchers refers to the missing type Object
	The method jsonPath(String, Object...) from the type MockMvcResultMatchers refers to the missing type String
	The method value(Object) from the type JsonPathResultMatchers refers to the missing type Object
	The method jsonPath(String, Object...) from the type MockMvcResultMatchers refers to the missing type String
	The method value(Object) from the type JsonPathResultMatchers refers to the missing type Object
	Exception cannot be resolved to a type
	The method id(String) from the type Room.RoomBuilder refers to the missing type String
	The method name(String) from the type Room.RoomBuilder refers to the missing type String
	HashSet cannot be resolved to a type
	Collections cannot be resolved
	The method getRoomById(String) from the type RoomService refers to the missing type Optional
	The type java.util.Optional cannot be resolved. It is indirectly referenced from required type org.mockito.junit.jupiter.MockitoExtension
	Optional cannot be resolved
	The method get(URI) from the type MockMvcRequestBuilders refers to the missing type URI
	The method user(String) from the type SecurityMockMvcRequestPostProcessors refers to the missing type String
	The method jsonPath(String, Object...) from the type MockMvcResultMatchers refers to the missing type String
	The method value(Object) from the type JsonPathResultMatchers refers to the missing type Object
	The method jsonPath(String, Object...) from the type MockMvcResultMatchers refers to the missing type String
	The method value(Object) from the type JsonPathResultMatchers refers to the missing type Object
	Exception cannot be resolved to a type
	The method id(String) from the type Room.RoomBuilder refers to the missing type String
	The method name(String) from the type Room.RoomBuilder refers to the missing type String
	HashSet cannot be resolved to a type
	Collections cannot be resolved
	The method getRoomById(String) from the type RoomService refers to the missing type Optional
	Optional cannot be resolved
	The method get(URI) from the type MockMvcRequestBuilders refers to the missing type URI
	The method user(String) from the type SecurityMockMvcRequestPostProcessors refers to the missing type String
	The method jsonPath(String, Object...) from the type MockMvcResultMatchers refers to the missing type String
	The method value(Object) from the type JsonPathResultMatchers refers to the missing type Object
	Exception cannot be resolved to a type
	The method id(String) from the type Room.RoomBuilder refers to the missing type String
	The method name(String) from the type Room.RoomBuilder refers to the missing type String
	HashSet cannot be resolved to a type
	Arrays cannot be resolved
	The method userId(String) from the type UserPresenceDto.UserPresenceDtoBuilder refers to the missing type String
	The method username(String) from the type UserPresenceDto.UserPresenceDtoBuilder refers to the missing type String
	The method userId(String) from the type UserPresenceDto.UserPresenceDtoBuilder refers to the missing type String
	The method username(String) from the type UserPresenceDto.UserPresenceDtoBuilder refers to the missing type String
	The method when(T) from the type Mockito refers to the missing type Object
	The method isMember(String, String) from the type RoomService refers to the missing type String
	The method getRoomById(String) from the type RoomService refers to the missing type Optional
	Optional cannot be resolved
	The method getUserPresence(String) from the type PresenceService refers to the missing type String
	The method getUserPresence(String) from the type PresenceService refers to the missing type String
	Exception cannot be resolved to a type

[ERROR]   RoomControllerTest.<init>:1  Unresolved compilation problems: 
	The type java.lang.annotation.ElementType cannot be resolved. It is indirectly referenced from required type org.springframework.lang.Nullable
	The type java.util.List cannot be resolved. It is indirectly referenced from required type org.junit.jupiter.api.Assertions
	The type java.util.Map cannot be resolved. It is indirectly referenced from required type org.mockito.ArgumentMatchers
	The type java.lang.annotation.Documented cannot be resolved. It is indirectly referenced from required type org.springframework.test.web.servlet.request.package-info
	The type java.lang.annotation.RetentionPolicy cannot be resolved. It is indirectly referenced from required type org.springframework.test.web.servlet.request.package-info
	The type java.lang.annotation.Retention cannot be resolved. It is indirectly referenced from required type org.springframework.test.web.servlet.request.package-info
	The import java.time.Instant cannot be resolved
	Implicit super constructor Object() is undefined for default constructor. Must define an explicit constructor
	The method id(String) from the type User.UserBuilder refers to the missing type String
	The method username(String) from the type User.UserBuilder refers to the missing type String
	Exception cannot be resolved to a type
	Map cannot be resolved to a type
	String cannot be resolved to a type
	String cannot be resolved to a type
	HashMap cannot be resolved to a type
	The method id(String) from the type Room.RoomBuilder refers to the missing type String
	The method name(String) from the type Room.RoomBuilder refers to the missing type String
	The method description(String) from the type Room.RoomBuilder refers to the missing type String
	The method ownerId(String) from the type Room.RoomBuilder refers to the missing type String
	HashSet cannot be resolved to a type
	Collections cannot be resolved
	Instant cannot be resolved
	The method anyString() from the type ArgumentMatchers refers to the missing type String
	The method anyString() from the type ArgumentMatchers refers to the missing type String
	The method anyString() from the type ArgumentMatchers refers to the missing type String
	The method post(URI) from the type MockMvcRequestBuilders refers to the missing type URI
	The method user(String) from the type SecurityMockMvcRequestPostProcessors refers to the missing type String
	The method jsonPath(String, Object...) from the type MockMvcResultMatchers refers to the missing type String
	The method value(Object) from the type JsonPathResultMatchers refers to the missing type Object
	The method jsonPath(String, Object...) from the type MockMvcResultMatchers refers to the missing type String
	The method value(Object) from the type JsonPathResultMatchers refers to the missing type Object
	The method jsonPath(String, Object...) from the type MockMvcResultMatchers refers to the missing type String
	The method value(Object) from the type JsonPathResultMatchers refers to the missing type Object
	Exception cannot be resolved to a type
	Map cannot be resolved to a type
	String cannot be resolved to a type
	String cannot be resolved to a type
	HashMap cannot be resolved to a type
	The method post(URI) from the type MockMvcRequestBuilders refers to the missing type URI
	The method user(String) from the type SecurityMockMvcRequestPostProcessors refers to the missing type String
	The method jsonPath(String, Object...) from the type MockMvcResultMatchers refers to the missing type String
	The method value(Object) from the type JsonPathResultMatchers refers to the missing type Object
	Exception cannot be resolved to a type
	The method id(String) from the type Room.RoomBuilder refers to the missing type String
	The method name(String) from the type Room.RoomBuilder refers to the missing type String
	The method id(String) from the type Room.RoomBuilder refers to the missing type String
	The method name(String) from the type Room.RoomBuilder refers to the missing type String
	List cannot be resolved to a type
	Arrays cannot be resolved
	The method getAllRooms() from the type RoomService refers to the missing type List
	The method get(URI) from the type MockMvcRequestBuilders refers to the missing type URI
	The method user(String) from the type SecurityMockMvcRequestPostProcessors refers to the missing type String
	The type java.lang.Integer cannot be resolved. It is indirectly referenced from required type org.junit.jupiter.api.Assertions
	The method jsonPath(String, Object...) from the type MockMvcResultMatchers refers to the missing type String
	The method value(Matcher<? super T>) from the type JsonPathResultMatchers refers to the missing type Object
	The method jsonPath(String, Object...) from the type MockMvcResultMatchers refers to the missing type String
	The method value(Object) from the type JsonPathResultMatchers refers to the missing type Object
	The method jsonPath(String, Object...) from the type MockMvcResultMatchers refers to the missing type String
	The method value(Object) from the type JsonPathResultMatchers refers to the missing type Object
	Exception cannot be resolved to a type
	The method id(String) from the type Room.RoomBuilder refers to the missing type String
	The method name(String) from the type Room.RoomBuilder refers to the missing type String
	HashSet cannot be resolved to a type
	Collections cannot be resolved
	The method getRoomById(String) from the type RoomService refers to the missing type Optional
	The type java.util.Optional cannot be resolved. It is indirectly referenced from required type org.mockito.junit.jupiter.MockitoExtension
	Optional cannot be resolved
	The method get(URI) from the type MockMvcRequestBuilders refers to the missing type URI
	The method user(String) from the type SecurityMockMvcRequestPostProcessors refers to the missing type String
	The method jsonPath(String, Object...) from the type MockMvcResultMatchers refers to the missing type String
	The method value(Object) from the type JsonPathResultMatchers refers to the missing type Object
	The method jsonPath(String, Object...) from the type MockMvcResultMatchers refers to the missing type String
	The method value(Object) from the type JsonPathResultMatchers refers to the missing type Object
	Exception cannot be resolved to a type
	The method id(String) from the type Room.RoomBuilder refers to the missing type String
	The method name(String) from the type Room.RoomBuilder refers to the missing type String
	HashSet cannot be resolved to a type
	Collections cannot be resolved
	The method getRoomById(String) from the type RoomService refers to the missing type Optional
	Optional cannot be resolved
	The method get(URI) from the type MockMvcRequestBuilders refers to the missing type URI
	The method user(String) from the type SecurityMockMvcRequestPostProcessors refers to the missing type String
	The method jsonPath(String, Object...) from the type MockMvcResultMatchers refers to the missing type String
	The method value(Object) from the type JsonPathResultMatchers refers to the missing type Object
	Exception cannot be resolved to a type
	The method id(String) from the type Room.RoomBuilder refers to the missing type String
	The method name(String) from the type Room.RoomBuilder refers to the missing type String
	HashSet cannot be resolved to a type
	Arrays cannot be resolved
	The method userId(String) from the type UserPresenceDto.UserPresenceDtoBuilder refers to the missing type String
	The method username(String) from the type UserPresenceDto.UserPresenceDtoBuilder refers to the missing type String
	The method userId(String) from the type UserPresenceDto.UserPresenceDtoBuilder refers to the missing type String
	The method username(String) from the type UserPresenceDto.UserPresenceDtoBuilder refers to the missing type String
	The method when(T) from the type Mockito refers to the missing type Object
	The method isMember(String, String) from the type RoomService refers to the missing type String
	The method getRoomById(String) from the type RoomService refers to the missing type Optional
	Optional cannot be resolved
	The method getUserPresence(String) from the type PresenceService refers to the missing type String
	The method getUserPresence(String) from the type PresenceService refers to the missing type String
	Exception cannot be resolved to a type

[ERROR]   MessageServiceTest.<init>:17  Unresolved compilation problems: 
	The import java.util.Optional cannot be resolved
	Implicit super constructor Object() is undefined for default constructor. Must define an explicit constructor
	String cannot be resolved to a type
	Object cannot be resolved to a type
	String cannot be resolved to a type
	Object cannot be resolved to a type
	The method id(String) from the type User.UserBuilder refers to the missing type String
	The method username(String) from the type User.UserBuilder refers to the missing type String
	The method roomId(String) from the type Message.MessageBuilder refers to the missing type String
	The method senderId(String) from the type Message.MessageBuilder refers to the missing type String
	The method senderName(String) from the type Message.MessageBuilder refers to the missing type String
	The method content(String) from the type Message.MessageBuilder refers to the missing type String
	The method sequenceNumber(Long) from the type Message.MessageBuilder refers to the missing type Long
	The method findById(String) is undefined for the type UserRepository
	Optional cannot be resolved
	String cannot be resolved to a type
	Object cannot be resolved to a type
	String cannot be resolved to a type
	Object cannot be resolved to a type
	String cannot be resolved to a type
	Object cannot be resolved to a type
	The method anyString() from the type ArgumentMatchers refers to the missing type String
	The method any(Class<T>) from the type ArgumentMatchers refers to the missing type Object
	The method setContent(String) from the type ChatMessageRequest refers to the missing type String
	The method setMessageType(String) from the type ChatMessageRequest refers to the missing type String
	The method saveMessage(String, String, ChatMessageRequest) from the type MessageService refers to the missing type String
	The method assertNotNull(Object) from the type Assertions refers to the missing type Object
	The method getSequenceNumber() from the type Message refers to the missing type Long
	The method getSenderName() from the type Message refers to the missing type String
	The method any(Class<T>) from the type ArgumentMatchers refers to the missing type Object

[ERROR]   RoomServiceTest.<init>:12  Unresolved compilation problems: 
	The import java.util.Optional cannot be resolved
	Implicit super constructor Object() is undefined for default constructor. Must define an explicit constructor
	The method id(String) from the type Room.RoomBuilder refers to the missing type String
	The method name(String) from the type Room.RoomBuilder refers to the missing type String
	The method description(String) from the type Room.RoomBuilder refers to the missing type String
	The method ownerId(String) from the type Room.RoomBuilder refers to the missing type String
	The method when(T) from the type Mockito refers to the missing type Object
	The method existsByName(String) from the type RoomRepository refers to the missing type String
	The method any(Class<T>) from the type ArgumentMatchers refers to the missing type Object
	The method createRoom(String, String, String) from the type RoomService refers to the missing type String
	The method assertNotNull(Object) from the type Assertions refers to the missing type Object
	The method getName() from the type Room refers to the missing type String
	The method any(Class<T>) from the type ArgumentMatchers refers to the missing type Object
	The method findById(String) is undefined for the type RoomRepository
	Optional cannot be resolved
	The method deleteRoom(String, String) from the type RoomService refers to the missing type String
	The method delete(Room) is undefined for the type RoomRepository
	The method findById(String) is undefined for the type RoomRepository
	Optional cannot be resolved
	The method assertThrows(Class<T>, Executable) from the type Assertions refers to the missing type Throwable
	SecurityException cannot be resolved to a type
	This lambda expression refers to the missing type Throwable
	The method deleteRoom(String, String) from the type RoomService refers to the missing type String
	The method any(Class<T>) from the type ArgumentMatchers refers to the missing type Object

[ERROR]   RoomServiceTest.<init>:12  Unresolved compilation problems: 
	The import java.util.Optional cannot be resolved
	Implicit super constructor Object() is undefined for default constructor. Must define an explicit constructor
	The method id(String) from the type Room.RoomBuilder refers to the missing type String
	The method name(String) from the type Room.RoomBuilder refers to the missing type String
	The method description(String) from the type Room.RoomBuilder refers to the missing type String
	The method ownerId(String) from the type Room.RoomBuilder refers to the missing type String
	The method when(T) from the type Mockito refers to the missing type Object
	The method existsByName(String) from the type RoomRepository refers to the missing type String
	The method any(Class<T>) from the type ArgumentMatchers refers to the missing type Object
	The method createRoom(String, String, String) from the type RoomService refers to the missing type String
	The method assertNotNull(Object) from the type Assertions refers to the missing type Object
	The method getName() from the type Room refers to the missing type String
	The method any(Class<T>) from the type ArgumentMatchers refers to the missing type Object
	The method findById(String) is undefined for the type RoomRepository
	Optional cannot be resolved
	The method deleteRoom(String, String) from the type RoomService refers to the missing type String
	The method delete(Room) is undefined for the type RoomRepository
	The method findById(String) is undefined for the type RoomRepository
	Optional cannot be resolved
	The method assertThrows(Class<T>, Executable) from the type Assertions refers to the missing type Throwable
	SecurityException cannot be resolved to a type
	This lambda expression refers to the missing type Throwable
	The method deleteRoom(String, String) from the type RoomService refers to the missing type String
	The method any(Class<T>) from the type ArgumentMatchers refers to the missing type Object

[ERROR]   RoomServiceTest.<init>:12  Unresolved compilation problems: 
	The import java.util.Optional cannot be resolved
	Implicit super constructor Object() is undefined for default constructor. Must define an explicit constructor
	The method id(String) from the type Room.RoomBuilder refers to the missing type String
	The method name(String) from the type Room.RoomBuilder refers to the missing type String
	The method description(String) from the type Room.RoomBuilder refers to the missing type String
	The method ownerId(String) from the type Room.RoomBuilder refers to the missing type String
	The method when(T) from the type Mockito refers to the missing type Object
	The method existsByName(String) from the type RoomRepository refers to the missing type String
	The method any(Class<T>) from the type ArgumentMatchers refers to the missing type Object
	The method createRoom(String, String, String) from the type RoomService refers to the missing type String
	The method assertNotNull(Object) from the type Assertions refers to the missing type Object
	The method getName() from the type Room refers to the missing type String
	The method any(Class<T>) from the type ArgumentMatchers refers to the missing type Object
	The method findById(String) is undefined for the type RoomRepository
	Optional cannot be resolved
	The method deleteRoom(String, String) from the type RoomService refers to the missing type String
	The method delete(Room) is undefined for the type RoomRepository
	The method findById(String) is undefined for the type RoomRepository
	Optional cannot be resolved
	The method assertThrows(Class<T>, Executable) from the type Assertions refers to the missing type Throwable
	SecurityException cannot be resolved to a type
	This lambda expression refers to the missing type Throwable
	The method deleteRoom(String, String) from the type RoomService refers to the missing type String
	The method any(Class<T>) from the type ArgumentMatchers refers to the missing type Object

[INFO] 
[ERROR] Tests run: 18, Failures: 0, Errors: 18, Skipped: 0
[INFO] 
[INFO] ------------------------------------------------------------------------
[INFO] BUILD FAILURE
[INFO] ------------------------------------------------------------------------
[INFO] Total time:  6.184 s
[INFO] Finished at: 2026-09-08T04:24:54+05:30
[INFO] ------------------------------------------------------------------------
[ERROR] Failed to execute goal org.apache.maven.plugins:maven-surefire-plugin:3.2.5:test (default-test) on project backend: 
[ERROR] 
[ERROR] Please refer to D:\ASHISH GITHUB\SyncStream\backend\target\surefire-reports for the individual test results.
[ERROR] Please refer to dump files (if any exist) [date].dump, [date]-jvmRun[N].dump and [date].dumpstream.
[ERROR] -> [Help 1]
[ERROR] 
[ERROR] To see the full stack trace of the errors, re-run Maven with the -e switch.
[ERROR] Re-run Maven using the -X switch to enable full debug logging.
[ERROR] 
[ERROR] For more information about the errors and possible solutions, please read the following articles:
[ERROR] [Help 1] http://cwiki.apache.org/confluence/display/MAVEN/MojoFailureException
